

================================================================
== Vivado HLS Report for 'maxpool_w2'
================================================================
* Date:           Sat Nov  7 02:44:54 2020

* Version:        2018.3 (Build 2405991 on Thu Dec 06 23:56:15 MST 2018)
* Project:        pose_prj
* Solution:       solution1
* Product family: virtex7
* Target device:  xc7vx690tffg1761-2


================================================================
== Performance Estimates
================================================================
+ Timing (ns): 
    * Summary: 
    +--------+-------+----------+------------+
    |  Clock | Target| Estimated| Uncertainty|
    +--------+-------+----------+------------+
    |ap_clk  |   3.00|     2.615|        0.38|
    +--------+-------+----------+------------+

+ Latency (clock cycles): 
    * Summary: 
    +-----+-----+-----+-----+---------+
    |  Latency  |  Interval | Pipeline|
    | min | max | min | max |   Type  |
    +-----+-----+-----+-----+---------+
    |    ?|    ?|    ?|    ?|   none  |
    +-----+-----+-----+-----+---------+

    + Detail: 
        * Instance: 
        N/A

        * Loop: 
        +-------------+-----+-----+----------+-----------+-----------+------+----------+
        |             |  Latency  | Iteration|  Initiation Interval  | Trip |          |
        |  Loop Name  | min | max |  Latency |  achieved |   target  | Count| Pipelined|
        +-------------+-----+-----+----------+-----------+-----------+------+----------+
        |- Loop 1     |    ?|    ?|         ?|          -|          -|     ?|    no    |
        | + Loop 1.1  |    ?|    ?|         4|          -|          -|     ?|    no    |
        | + Loop 1.2  |    ?|    ?|         4|          -|          -|     ?|    no    |
        | + Loop 1.3  |    ?|    ?|         4|          -|          -|     ?|    no    |
        | + Loop 1.4  |    ?|    ?|         4|          -|          -|     ?|    no    |
        | + Loop 1.5  |    ?|    ?|         4|          -|          -|     ?|    no    |
        | + Loop 1.6  |    ?|    ?|         4|          -|          -|     ?|    no    |
        | + Loop 1.7  |    ?|    ?|         4|          -|          -|     ?|    no    |
        | + Loop 1.8  |    ?|    ?|         4|          -|          -|     ?|    no    |
        +-------------+-----+-----+----------+-----------+-----------+------+----------+



================================================================
== Utilization Estimates
================================================================
* Summary: 
+-----------------+---------+-------+--------+--------+
|       Name      | BRAM_18K| DSP48E|   FF   |   LUT  |
+-----------------+---------+-------+--------+--------+
|DSP              |        -|      -|       -|       -|
|Expression       |        -|      -|       0|    4053|
|FIFO             |        -|      -|       -|       -|
|Instance         |        -|      5|    9692|   10726|
|Memory           |        -|      -|       -|       -|
|Multiplexer      |        -|      -|       -|    1553|
|Register         |        -|      -|   17321|       -|
+-----------------+---------+-------+--------+--------+
|Total            |        0|      5|   27013|   16332|
+-----------------+---------+-------+--------+--------+
|Available        |     2940|   3600|  866400|  433200|
+-----------------+---------+-------+--------+--------+
|Utilization (%)  |        0|   ~0  |       3|       3|
+-----------------+---------+-------+--------+--------+

+ Detail: 
    * Instance: 
    +---------------------------+----------------------+---------+-------+------+------+
    |          Instance         |        Module        | BRAM_18K| DSP48E|  FF  |  LUT |
    +---------------------------+----------------------+---------+-------+------+------+
    |top_kernel_fcmp_3KfY_U246  |top_kernel_fcmp_3KfY  |        0|      0|    66|    72|
    |top_kernel_mul_32OgC_U249  |top_kernel_mul_32OgC  |        0|      2|   247|    19|
    |top_kernel_mul_32bkb_U248  |top_kernel_mul_32bkb  |        0|      3|   247|    19|
    |top_kernel_mux_53PgM_U250  |top_kernel_mux_53PgM  |        0|      0|     0|   229|
    |top_kernel_mux_53PgM_U251  |top_kernel_mux_53PgM  |        0|      0|     0|   229|
    |top_kernel_mux_53PgM_U252  |top_kernel_mux_53PgM  |        0|      0|     0|   229|
    |top_kernel_mux_53PgM_U253  |top_kernel_mux_53PgM  |        0|      0|     0|   229|
    |top_kernel_mux_53PgM_U254  |top_kernel_mux_53PgM  |        0|      0|     0|   229|
    |top_kernel_mux_53PgM_U255  |top_kernel_mux_53PgM  |        0|      0|     0|   229|
    |top_kernel_mux_53PgM_U256  |top_kernel_mux_53PgM  |        0|      0|     0|   229|
    |top_kernel_mux_53PgM_U257  |top_kernel_mux_53PgM  |        0|      0|     0|   229|
    |top_kernel_mux_53PgM_U258  |top_kernel_mux_53PgM  |        0|      0|     0|   229|
    |top_kernel_mux_53PgM_U259  |top_kernel_mux_53PgM  |        0|      0|     0|   229|
    |top_kernel_mux_53PgM_U260  |top_kernel_mux_53PgM  |        0|      0|     0|   229|
    |top_kernel_mux_53PgM_U261  |top_kernel_mux_53PgM  |        0|      0|     0|   229|
    |top_kernel_mux_53PgM_U262  |top_kernel_mux_53PgM  |        0|      0|     0|   229|
    |top_kernel_mux_53PgM_U263  |top_kernel_mux_53PgM  |        0|      0|     0|   229|
    |top_kernel_mux_53PgM_U264  |top_kernel_mux_53PgM  |        0|      0|     0|   229|
    |top_kernel_mux_53PgM_U265  |top_kernel_mux_53PgM  |        0|      0|     0|   229|
    |top_kernel_udiv_3QgW_U266  |top_kernel_udiv_3QgW  |        0|      0|  2283|  1738|
    |top_kernel_urem_3Ngs_U247  |top_kernel_urem_3Ngs  |        0|      0|  2283|  1738|
    |top_kernel_urem_3Rg6_U267  |top_kernel_urem_3Rg6  |        0|      0|  2283|  1738|
    |top_kernel_urem_3Rg6_U268  |top_kernel_urem_3Rg6  |        0|      0|  2283|  1738|
    +---------------------------+----------------------+---------+-------+------+------+
    |Total                      |                      |        0|      5|  9692| 10726|
    +---------------------------+----------------------+---------+-------+------+------+

    * DSP48: 
    N/A

    * Memory: 
    N/A

    * FIFO: 
    N/A

    * Expression: 
    +------------------------------------+----------+-------+---+----+------------+------------+
    |            Variable Name           | Operation| DSP48E| FF| LUT| Bitwidth P0| Bitwidth P1|
    +------------------------------------+----------+-------+---+----+------------+------------+
    |i_1_fu_4528_p2                      |     +    |      0|  0|  39|          32|           2|
    |i_2_fu_5336_p2                      |     +    |      0|  0|  39|          32|           2|
    |i_3_fu_6144_p2                      |     +    |      0|  0|  39|          32|           2|
    |i_4_fu_6952_p2                      |     +    |      0|  0|  39|          32|           2|
    |i_5_fu_7760_p2                      |     +    |      0|  0|  39|          32|           2|
    |i_6_fu_8568_p2                      |     +    |      0|  0|  39|          32|           2|
    |i_7_fu_9376_p2                      |     +    |      0|  0|  39|          32|           2|
    |i_fu_3705_p2                        |     +    |      0|  0|  39|          32|           2|
    |iter_2_fu_10157_p2                  |     +    |      0|  0|  39|          32|           1|
    |iter_bound_fu_3501_p2               |     +    |      0|  0|  39|          32|          32|
    |layer_in_w_t_assign_fu_3463_p2      |     +    |      0|  0|  39|           1|          32|
    |tmp_145_fu_3496_p2                  |     +    |      0|  0|  39|           1|          32|
    |tmp_146_fu_3524_p2                  |     +    |      0|  0|  39|           2|          32|
    |tmp_162_t_fu_3491_p2                |     +    |      0|  0|  15|           2|           6|
    |tmp_180_0_t_fu_3720_p2              |     +    |      0|  0|  15|           3|           6|
    |tmp_180_1_t_fu_4543_p2              |     +    |      0|  0|  15|           3|           6|
    |tmp_180_2_t_fu_5351_p2              |     +    |      0|  0|  15|           3|           6|
    |tmp_180_3_t_fu_6159_p2              |     +    |      0|  0|  15|           3|           6|
    |tmp_180_4_t_fu_6967_p2              |     +    |      0|  0|  15|           3|           6|
    |tmp_180_5_t_fu_7775_p2              |     +    |      0|  0|  15|           3|           6|
    |tmp_180_6_t_fu_8583_p2              |     +    |      0|  0|  15|           3|           6|
    |tmp_180_7_t_fu_9391_p2              |     +    |      0|  0|  15|           3|           6|
    |total_iter_1_fu_3544_p2             |     +    |      0|  0|  38|          31|           1|
    |trans_cnt_1_fu_10147_p2             |     +    |      0|  0|  39|          32|           1|
    |ap_block_state257                   |    and   |      0|  0|   2|           1|           1|
    |ap_block_state53                    |    and   |      0|  0|   2|           1|           1|
    |ap_predicate_op3216_write_state257  |    and   |      0|  0|   2|           1|           1|
    |ap_predicate_op788_read_state53     |    and   |      0|  0|   2|           1|           1|
    |or_cond2_fu_10075_p2                |    and   |      0|  0|   2|           1|           1|
    |or_cond3_fu_4193_p2                 |    and   |      0|  0|   2|           1|           1|
    |or_cond_fu_3576_p2                  |    and   |      0|  0|   2|           1|           1|
    |sel_tmp22_fu_4212_p2                |    and   |      0|  0|   2|           1|           1|
    |tmp_296_fu_4172_p2                  |    and   |      0|  0|   2|           1|           1|
    |tmp_298_fu_4178_p2                  |    and   |      0|  0|   2|           1|           1|
    |tmp_303_fu_4299_p2                  |    and   |      0|  0|   2|           1|           1|
    |tmp_305_fu_4305_p2                  |    and   |      0|  0|   2|           1|           1|
    |tmp_312_fu_4389_p2                  |    and   |      0|  0|   2|           1|           1|
    |tmp_314_fu_4395_p2                  |    and   |      0|  0|   2|           1|           1|
    |tmp_320_fu_5020_p2                  |    and   |      0|  0|   2|           1|           1|
    |tmp_322_fu_5026_p2                  |    and   |      0|  0|   2|           1|           1|
    |tmp_329_fu_5107_p2                  |    and   |      0|  0|   2|           1|           1|
    |tmp_331_fu_5113_p2                  |    and   |      0|  0|   2|           1|           1|
    |tmp_338_fu_5197_p2                  |    and   |      0|  0|   2|           1|           1|
    |tmp_340_fu_5203_p2                  |    and   |      0|  0|   2|           1|           1|
    |tmp_347_fu_5828_p2                  |    and   |      0|  0|   2|           1|           1|
    |tmp_349_fu_5834_p2                  |    and   |      0|  0|   2|           1|           1|
    |tmp_356_fu_5915_p2                  |    and   |      0|  0|   2|           1|           1|
    |tmp_358_fu_5921_p2                  |    and   |      0|  0|   2|           1|           1|
    |tmp_365_fu_6005_p2                  |    and   |      0|  0|   2|           1|           1|
    |tmp_367_fu_6011_p2                  |    and   |      0|  0|   2|           1|           1|
    |tmp_374_fu_6636_p2                  |    and   |      0|  0|   2|           1|           1|
    |tmp_376_fu_6642_p2                  |    and   |      0|  0|   2|           1|           1|
    |tmp_383_fu_6723_p2                  |    and   |      0|  0|   2|           1|           1|
    |tmp_385_fu_6729_p2                  |    and   |      0|  0|   2|           1|           1|
    |tmp_392_fu_6813_p2                  |    and   |      0|  0|   2|           1|           1|
    |tmp_394_fu_6819_p2                  |    and   |      0|  0|   2|           1|           1|
    |tmp_401_fu_7444_p2                  |    and   |      0|  0|   2|           1|           1|
    |tmp_403_fu_7450_p2                  |    and   |      0|  0|   2|           1|           1|
    |tmp_410_fu_7531_p2                  |    and   |      0|  0|   2|           1|           1|
    |tmp_412_fu_7537_p2                  |    and   |      0|  0|   2|           1|           1|
    |tmp_419_fu_7621_p2                  |    and   |      0|  0|   2|           1|           1|
    |tmp_421_fu_7627_p2                  |    and   |      0|  0|   2|           1|           1|
    |tmp_428_fu_8252_p2                  |    and   |      0|  0|   2|           1|           1|
    |tmp_430_fu_8258_p2                  |    and   |      0|  0|   2|           1|           1|
    |tmp_437_fu_8339_p2                  |    and   |      0|  0|   2|           1|           1|
    |tmp_439_fu_8345_p2                  |    and   |      0|  0|   2|           1|           1|
    |tmp_446_fu_8429_p2                  |    and   |      0|  0|   2|           1|           1|
    |tmp_448_fu_8435_p2                  |    and   |      0|  0|   2|           1|           1|
    |tmp_455_fu_9060_p2                  |    and   |      0|  0|   2|           1|           1|
    |tmp_457_fu_9066_p2                  |    and   |      0|  0|   2|           1|           1|
    |tmp_464_fu_9147_p2                  |    and   |      0|  0|   2|           1|           1|
    |tmp_466_fu_9153_p2                  |    and   |      0|  0|   2|           1|           1|
    |tmp_473_fu_9237_p2                  |    and   |      0|  0|   2|           1|           1|
    |tmp_475_fu_9243_p2                  |    and   |      0|  0|   2|           1|           1|
    |tmp_482_fu_9873_p2                  |    and   |      0|  0|   2|           1|           1|
    |tmp_484_fu_9879_p2                  |    and   |      0|  0|   2|           1|           1|
    |tmp_491_fu_9960_p2                  |    and   |      0|  0|   2|           1|           1|
    |tmp_493_fu_9966_p2                  |    and   |      0|  0|   2|           1|           1|
    |tmp_500_fu_10047_p2                 |    and   |      0|  0|   2|           1|           1|
    |tmp_502_fu_10053_p2                 |    and   |      0|  0|   2|           1|           1|
    |notlhs24_fu_4154_p2                 |   icmp   |      0|  0|  11|           8|           2|
    |notlhs25_fu_4263_p2                 |   icmp   |      0|  0|  11|           8|           2|
    |notlhs26_fu_4281_p2                 |   icmp   |      0|  0|  11|           8|           2|
    |notlhs27_fu_4353_p2                 |   icmp   |      0|  0|  11|           8|           2|
    |notlhs28_fu_4371_p2                 |   icmp   |      0|  0|  11|           8|           2|
    |notlhs29_fu_4984_p2                 |   icmp   |      0|  0|  11|           8|           2|
    |notlhs30_fu_5002_p2                 |   icmp   |      0|  0|  11|           8|           2|
    |notlhs31_fu_5071_p2                 |   icmp   |      0|  0|  11|           8|           2|
    |notlhs32_fu_5089_p2                 |   icmp   |      0|  0|  11|           8|           2|
    |notlhs33_fu_5161_p2                 |   icmp   |      0|  0|  11|           8|           2|
    |notlhs34_fu_5179_p2                 |   icmp   |      0|  0|  11|           8|           2|
    |notlhs35_fu_5792_p2                 |   icmp   |      0|  0|  11|           8|           2|
    |notlhs36_fu_5810_p2                 |   icmp   |      0|  0|  11|           8|           2|
    |notlhs37_fu_5879_p2                 |   icmp   |      0|  0|  11|           8|           2|
    |notlhs38_fu_5897_p2                 |   icmp   |      0|  0|  11|           8|           2|
    |notlhs39_fu_5969_p2                 |   icmp   |      0|  0|  11|           8|           2|
    |notlhs40_fu_5987_p2                 |   icmp   |      0|  0|  11|           8|           2|
    |notlhs41_fu_6600_p2                 |   icmp   |      0|  0|  11|           8|           2|
    |notlhs42_fu_6618_p2                 |   icmp   |      0|  0|  11|           8|           2|
    |notlhs43_fu_6687_p2                 |   icmp   |      0|  0|  11|           8|           2|
    |notlhs44_fu_6705_p2                 |   icmp   |      0|  0|  11|           8|           2|
    |notlhs45_fu_6777_p2                 |   icmp   |      0|  0|  11|           8|           2|
    |notlhs46_fu_6795_p2                 |   icmp   |      0|  0|  11|           8|           2|
    |notlhs47_fu_7408_p2                 |   icmp   |      0|  0|  11|           8|           2|
    |notlhs48_fu_7426_p2                 |   icmp   |      0|  0|  11|           8|           2|
    |notlhs49_fu_7495_p2                 |   icmp   |      0|  0|  11|           8|           2|
    |notlhs50_fu_7513_p2                 |   icmp   |      0|  0|  11|           8|           2|
    |notlhs51_fu_7585_p2                 |   icmp   |      0|  0|  11|           8|           2|
    |notlhs52_fu_7603_p2                 |   icmp   |      0|  0|  11|           8|           2|
    |notlhs53_fu_8216_p2                 |   icmp   |      0|  0|  11|           8|           2|
    |notlhs54_fu_8234_p2                 |   icmp   |      0|  0|  11|           8|           2|
    |notlhs55_fu_8303_p2                 |   icmp   |      0|  0|  11|           8|           2|
    |notlhs56_fu_8321_p2                 |   icmp   |      0|  0|  11|           8|           2|
    |notlhs57_fu_8393_p2                 |   icmp   |      0|  0|  11|           8|           2|
    |notlhs58_fu_8411_p2                 |   icmp   |      0|  0|  11|           8|           2|
    |notlhs59_fu_9024_p2                 |   icmp   |      0|  0|  11|           8|           2|
    |notlhs60_fu_9042_p2                 |   icmp   |      0|  0|  11|           8|           2|
    |notlhs61_fu_9111_p2                 |   icmp   |      0|  0|  11|           8|           2|
    |notlhs62_fu_9129_p2                 |   icmp   |      0|  0|  11|           8|           2|
    |notlhs63_fu_9201_p2                 |   icmp   |      0|  0|  11|           8|           2|
    |notlhs64_fu_9219_p2                 |   icmp   |      0|  0|  11|           8|           2|
    |notlhs65_fu_9837_p2                 |   icmp   |      0|  0|  11|           8|           2|
    |notlhs66_fu_9855_p2                 |   icmp   |      0|  0|  11|           8|           2|
    |notlhs67_fu_9924_p2                 |   icmp   |      0|  0|  11|           8|           2|
    |notlhs68_fu_9942_p2                 |   icmp   |      0|  0|  11|           8|           2|
    |notlhs69_fu_10011_p2                |   icmp   |      0|  0|  11|           8|           2|
    |notlhs70_fu_10029_p2                |   icmp   |      0|  0|  11|           8|           2|
    |notlhs_fu_4136_p2                   |   icmp   |      0|  0|  11|           8|           2|
    |notrhs24_fu_4160_p2                 |   icmp   |      0|  0|  18|          23|           1|
    |notrhs25_fu_4269_p2                 |   icmp   |      0|  0|  18|          23|           1|
    |notrhs26_fu_4287_p2                 |   icmp   |      0|  0|  18|          23|           1|
    |notrhs27_fu_4359_p2                 |   icmp   |      0|  0|  18|          23|           1|
    |notrhs28_fu_4377_p2                 |   icmp   |      0|  0|  18|          23|           1|
    |notrhs29_fu_4990_p2                 |   icmp   |      0|  0|  18|          23|           1|
    |notrhs30_fu_5008_p2                 |   icmp   |      0|  0|  18|          23|           1|
    |notrhs31_fu_5077_p2                 |   icmp   |      0|  0|  18|          23|           1|
    |notrhs32_fu_5095_p2                 |   icmp   |      0|  0|  18|          23|           1|
    |notrhs33_fu_5167_p2                 |   icmp   |      0|  0|  18|          23|           1|
    |notrhs34_fu_5185_p2                 |   icmp   |      0|  0|  18|          23|           1|
    |notrhs35_fu_5798_p2                 |   icmp   |      0|  0|  18|          23|           1|
    |notrhs36_fu_5816_p2                 |   icmp   |      0|  0|  18|          23|           1|
    |notrhs37_fu_5885_p2                 |   icmp   |      0|  0|  18|          23|           1|
    |notrhs38_fu_5903_p2                 |   icmp   |      0|  0|  18|          23|           1|
    |notrhs39_fu_5975_p2                 |   icmp   |      0|  0|  18|          23|           1|
    |notrhs40_fu_5993_p2                 |   icmp   |      0|  0|  18|          23|           1|
    |notrhs41_fu_6606_p2                 |   icmp   |      0|  0|  18|          23|           1|
    |notrhs42_fu_6624_p2                 |   icmp   |      0|  0|  18|          23|           1|
    |notrhs43_fu_6693_p2                 |   icmp   |      0|  0|  18|          23|           1|
    |notrhs44_fu_6711_p2                 |   icmp   |      0|  0|  18|          23|           1|
    |notrhs45_fu_6783_p2                 |   icmp   |      0|  0|  18|          23|           1|
    |notrhs46_fu_6801_p2                 |   icmp   |      0|  0|  18|          23|           1|
    |notrhs47_fu_7414_p2                 |   icmp   |      0|  0|  18|          23|           1|
    |notrhs48_fu_7432_p2                 |   icmp   |      0|  0|  18|          23|           1|
    |notrhs49_fu_7501_p2                 |   icmp   |      0|  0|  18|          23|           1|
    |notrhs50_fu_7519_p2                 |   icmp   |      0|  0|  18|          23|           1|
    |notrhs51_fu_7591_p2                 |   icmp   |      0|  0|  18|          23|           1|
    |notrhs52_fu_7609_p2                 |   icmp   |      0|  0|  18|          23|           1|
    |notrhs53_fu_8222_p2                 |   icmp   |      0|  0|  18|          23|           1|
    |notrhs54_fu_8240_p2                 |   icmp   |      0|  0|  18|          23|           1|
    |notrhs55_fu_8309_p2                 |   icmp   |      0|  0|  18|          23|           1|
    |notrhs56_fu_8327_p2                 |   icmp   |      0|  0|  18|          23|           1|
    |notrhs57_fu_8399_p2                 |   icmp   |      0|  0|  18|          23|           1|
    |notrhs58_fu_8417_p2                 |   icmp   |      0|  0|  18|          23|           1|
    |notrhs59_fu_9030_p2                 |   icmp   |      0|  0|  18|          23|           1|
    |notrhs60_fu_9048_p2                 |   icmp   |      0|  0|  18|          23|           1|
    |notrhs61_fu_9117_p2                 |   icmp   |      0|  0|  18|          23|           1|
    |notrhs62_fu_9135_p2                 |   icmp   |      0|  0|  18|          23|           1|
    |notrhs63_fu_9207_p2                 |   icmp   |      0|  0|  18|          23|           1|
    |notrhs64_fu_9225_p2                 |   icmp   |      0|  0|  18|          23|           1|
    |notrhs65_fu_9843_p2                 |   icmp   |      0|  0|  18|          23|           1|
    |notrhs66_fu_9861_p2                 |   icmp   |      0|  0|  18|          23|           1|
    |notrhs67_fu_9930_p2                 |   icmp   |      0|  0|  18|          23|           1|
    |notrhs68_fu_9948_p2                 |   icmp   |      0|  0|  18|          23|           1|
    |notrhs69_fu_10017_p2                |   icmp   |      0|  0|  18|          23|           1|
    |notrhs70_fu_10035_p2                |   icmp   |      0|  0|  18|          23|           1|
    |notrhs_fu_4142_p2                   |   icmp   |      0|  0|  18|          23|           1|
    |tmp_148_fu_3529_p2                  |   icmp   |      0|  0|  18|          32|           1|
    |tmp_149_fu_3539_p2                  |   icmp   |      0|  0|  18|          32|          32|
    |tmp_151_fu_3553_p2                  |   icmp   |      0|  0|  18|          32|           1|
    |tmp_152_fu_3567_p2                  |   icmp   |      0|  0|  18|          32|          32|
    |tmp_154_fu_3572_p2                  |   icmp   |      0|  0|  18|          32|          32|
    |tmp_155_fu_3711_p2                  |   icmp   |      0|  0|  18|          32|           1|
    |tmp_157_fu_4189_p2                  |   icmp   |      0|  0|  18|          32|          32|
    |tmp_163_fu_9418_p2                  |   icmp   |      0|  0|  18|          32|          32|
    |tmp_164_fu_10070_p2                 |   icmp   |      0|  0|  18|          32|           1|
    |tmp_169_fu_10096_p2                 |   icmp   |      0|  0|  18|          32|           1|
    |tmp_170_fu_10163_p2                 |   icmp   |      0|  0|  18|          32|          32|
    |tmp_174_1_fu_4534_p2                |   icmp   |      0|  0|  18|          32|           1|
    |tmp_174_2_fu_5342_p2                |   icmp   |      0|  0|  18|          32|           1|
    |tmp_174_3_fu_6150_p2                |   icmp   |      0|  0|  18|          32|           1|
    |tmp_174_4_fu_6958_p2                |   icmp   |      0|  0|  18|          32|           1|
    |tmp_174_5_fu_7766_p2                |   icmp   |      0|  0|  18|          32|           1|
    |tmp_174_6_fu_8574_p2                |   icmp   |      0|  0|  18|          32|           1|
    |tmp_174_7_fu_9382_p2                |   icmp   |      0|  0|  18|          32|           1|
    |tmp_168_fu_10092_p2                 |    or    |      0|  0|  32|          32|          32|
    |tmp_294_fu_4148_p2                  |    or    |      0|  0|   2|           1|           1|
    |tmp_295_fu_4166_p2                  |    or    |      0|  0|   2|           1|           1|
    |tmp_301_fu_4275_p2                  |    or    |      0|  0|   2|           1|           1|
    |tmp_302_fu_4293_p2                  |    or    |      0|  0|   2|           1|           1|
    |tmp_309_fu_4365_p2                  |    or    |      0|  0|   2|           1|           1|
    |tmp_311_fu_4383_p2                  |    or    |      0|  0|   2|           1|           1|
    |tmp_318_fu_4996_p2                  |    or    |      0|  0|   2|           1|           1|
    |tmp_319_fu_5014_p2                  |    or    |      0|  0|   2|           1|           1|
    |tmp_325_fu_5083_p2                  |    or    |      0|  0|   2|           1|           1|
    |tmp_327_fu_5101_p2                  |    or    |      0|  0|   2|           1|           1|
    |tmp_334_fu_5173_p2                  |    or    |      0|  0|   2|           1|           1|
    |tmp_336_fu_5191_p2                  |    or    |      0|  0|   2|           1|           1|
    |tmp_343_fu_5804_p2                  |    or    |      0|  0|   2|           1|           1|
    |tmp_345_fu_5822_p2                  |    or    |      0|  0|   2|           1|           1|
    |tmp_352_fu_5891_p2                  |    or    |      0|  0|   2|           1|           1|
    |tmp_354_fu_5909_p2                  |    or    |      0|  0|   2|           1|           1|
    |tmp_361_fu_5981_p2                  |    or    |      0|  0|   2|           1|           1|
    |tmp_363_fu_5999_p2                  |    or    |      0|  0|   2|           1|           1|
    |tmp_370_fu_6612_p2                  |    or    |      0|  0|   2|           1|           1|
    |tmp_372_fu_6630_p2                  |    or    |      0|  0|   2|           1|           1|
    |tmp_379_fu_6699_p2                  |    or    |      0|  0|   2|           1|           1|
    |tmp_381_fu_6717_p2                  |    or    |      0|  0|   2|           1|           1|
    |tmp_388_fu_6789_p2                  |    or    |      0|  0|   2|           1|           1|
    |tmp_390_fu_6807_p2                  |    or    |      0|  0|   2|           1|           1|
    |tmp_397_fu_7420_p2                  |    or    |      0|  0|   2|           1|           1|
    |tmp_399_fu_7438_p2                  |    or    |      0|  0|   2|           1|           1|
    |tmp_406_fu_7507_p2                  |    or    |      0|  0|   2|           1|           1|
    |tmp_408_fu_7525_p2                  |    or    |      0|  0|   2|           1|           1|
    |tmp_415_fu_7597_p2                  |    or    |      0|  0|   2|           1|           1|
    |tmp_417_fu_7615_p2                  |    or    |      0|  0|   2|           1|           1|
    |tmp_424_fu_8228_p2                  |    or    |      0|  0|   2|           1|           1|
    |tmp_426_fu_8246_p2                  |    or    |      0|  0|   2|           1|           1|
    |tmp_433_fu_8315_p2                  |    or    |      0|  0|   2|           1|           1|
    |tmp_435_fu_8333_p2                  |    or    |      0|  0|   2|           1|           1|
    |tmp_442_fu_8405_p2                  |    or    |      0|  0|   2|           1|           1|
    |tmp_444_fu_8423_p2                  |    or    |      0|  0|   2|           1|           1|
    |tmp_451_fu_9036_p2                  |    or    |      0|  0|   2|           1|           1|
    |tmp_453_fu_9054_p2                  |    or    |      0|  0|   2|           1|           1|
    |tmp_460_fu_9123_p2                  |    or    |      0|  0|   2|           1|           1|
    |tmp_462_fu_9141_p2                  |    or    |      0|  0|   2|           1|           1|
    |tmp_469_fu_9213_p2                  |    or    |      0|  0|   2|           1|           1|
    |tmp_471_fu_9231_p2                  |    or    |      0|  0|   2|           1|           1|
    |tmp_478_fu_9849_p2                  |    or    |      0|  0|   2|           1|           1|
    |tmp_480_fu_9867_p2                  |    or    |      0|  0|   2|           1|           1|
    |tmp_487_fu_9936_p2                  |    or    |      0|  0|   2|           1|           1|
    |tmp_489_fu_9954_p2                  |    or    |      0|  0|   2|           1|           1|
    |tmp_496_fu_10023_p2                 |    or    |      0|  0|   2|           1|           1|
    |tmp_498_fu_10041_p2                 |    or    |      0|  0|   2|           1|           1|
    |iter_1_fu_10167_p3                  |  select  |      0|  0|  32|           1|           1|
    |layer_in_w_t_s_fu_3469_p3           |  select  |      0|  0|  32|           1|          32|
    |line_buf1_0_0_s_fu_4217_p3          |  select  |      0|  0|  32|           1|          32|
    |line_buf1_1_0_s_fu_4563_p3          |  select  |      0|  0|  32|           1|          32|
    |line_buf1_2_0_s_fu_5371_p3          |  select  |      0|  0|  32|           1|          32|
    |line_buf1_3_0_s_fu_6179_p3          |  select  |      0|  0|  32|           1|          32|
    |line_buf1_4_0_s_fu_6987_p3          |  select  |      0|  0|  32|           1|          32|
    |line_buf1_5_0_s_fu_7795_p3          |  select  |      0|  0|  32|           1|          32|
    |line_buf1_6_0_s_fu_8603_p3          |  select  |      0|  0|  32|           1|          32|
    |line_buf1_7_0_s_fu_9411_p3          |  select  |      0|  0|  32|           1|          32|
    |mux_0_0_1_fu_5031_p3                |  select  |      0|  0|  32|           1|          32|
    |mux_0_0_2_fu_5839_p3                |  select  |      0|  0|  32|           1|          32|
    |mux_0_0_3_fu_6647_p3                |  select  |      0|  0|  32|           1|          32|
    |mux_0_0_4_fu_7455_p3                |  select  |      0|  0|  32|           1|          32|
    |mux_0_0_5_fu_8263_p3                |  select  |      0|  0|  32|           1|          32|
    |mux_0_0_6_fu_9071_p3                |  select  |      0|  0|  32|           1|          32|
    |mux_0_0_7_fu_9884_p3                |  select  |      0|  0|  32|           1|          32|
    |mux_0_0_fu_4183_p3                  |  select  |      0|  0|  32|           1|          32|
    |mux_0_1_1_fu_5118_p3                |  select  |      0|  0|  32|           1|          32|
    |mux_0_1_2_fu_5926_p3                |  select  |      0|  0|  32|           1|          32|
    |mux_0_1_3_fu_6734_p3                |  select  |      0|  0|  32|           1|          32|
    |mux_0_1_4_fu_7542_p3                |  select  |      0|  0|  32|           1|          32|
    |mux_0_1_5_fu_8350_p3                |  select  |      0|  0|  32|           1|          32|
    |mux_0_1_6_fu_9158_p3                |  select  |      0|  0|  32|           1|          32|
    |mux_0_1_7_fu_9971_p3                |  select  |      0|  0|  32|           1|          32|
    |mux_0_1_fu_4310_p3                  |  select  |      0|  0|  32|           1|          32|
    |mux_1_0_1_fu_5208_p3                |  select  |      0|  0|  32|           1|          32|
    |mux_1_0_2_fu_6016_p3                |  select  |      0|  0|  32|           1|          32|
    |mux_1_0_3_fu_6824_p3                |  select  |      0|  0|  32|           1|          32|
    |mux_1_0_4_fu_7632_p3                |  select  |      0|  0|  32|           1|          32|
    |mux_1_0_5_fu_8440_p3                |  select  |      0|  0|  32|           1|          32|
    |mux_1_0_6_fu_9248_p3                |  select  |      0|  0|  32|           1|          32|
    |mux_1_0_7_fu_10058_p3               |  select  |      0|  0|  32|           1|          32|
    |mux_1_0_fu_4400_p3                  |  select  |      0|  0|  32|           1|          32|
    |p_trans_cnt_fu_3559_p3              |  select  |      0|  0|  32|           1|           1|
    |sums_0_fu_4406_p3                   |  select  |      0|  0|  32|           1|          32|
    |sums_1_fu_5214_p3                   |  select  |      0|  0|  32|           1|          32|
    |sums_2_fu_6022_p3                   |  select  |      0|  0|  32|           1|          32|
    |sums_3_fu_6830_p3                   |  select  |      0|  0|  32|           1|          32|
    |sums_4_fu_7638_p3                   |  select  |      0|  0|  32|           1|          32|
    |sums_5_fu_8446_p3                   |  select  |      0|  0|  32|           1|          32|
    |sums_6_fu_9254_p3                   |  select  |      0|  0|  32|           1|          32|
    |sums_7_fu_10064_p3                  |  select  |      0|  0|  32|           1|          32|
    |sel_tmp_fu_4206_p2                  |    xor   |      0|  0|   2|           1|           2|
    +------------------------------------+----------+-------+---+----+------------+------------+
    |Total                               |          |      0|  0|4053|        2657|        2001|
    +------------------------------------+----------+-------+---+----+------------+------------+

    * Multiplexer: 
    +---------------------+------+-----------+-----+-----------+
    |         Name        |  LUT | Input Size| Bits| Total Bits|
    +---------------------+------+-----------+-----+-----------+
    |ap_NS_fsm            |  1181|        259|    1|        259|
    |fifo_in_V_V_blk_n    |     9|          2|    1|          2|
    |fifo_out_V_V_blk_n   |     9|          2|    1|          2|
    |grp_fu_2194_p0       |   117|         25|   32|        800|
    |grp_fu_2194_p1       |   117|         25|   32|        800|
    |grp_fu_2198_p0       |    15|          3|   32|         96|
    |i_0_in_1_reg_2124    |     9|          2|   32|         64|
    |i_0_in_2_reg_2134    |     9|          2|   32|         64|
    |i_0_in_3_reg_2144    |     9|          2|   32|         64|
    |i_0_in_4_reg_2154    |     9|          2|   32|         64|
    |i_0_in_5_reg_2164    |     9|          2|   32|         64|
    |i_0_in_6_reg_2174    |     9|          2|   32|         64|
    |i_0_in_7_reg_2184    |     9|          2|   32|         64|
    |i_0_in_reg_2114      |     9|          2|   32|         64|
    |iter_reg_2102        |     9|          2|   32|         64|
    |total_iter_reg_2091  |     9|          2|   31|         62|
    |trans_cnt_fu_248     |    15|          3|   32|         96|
    +---------------------+------+-----------+-----+-----------+
    |Total                |  1553|        339|  450|       2693|
    +---------------------+------+-----------+-----+-----------+

    * Register: 
    +------------------------------+-----+----+-----+-----------+
    |             Name             |  FF | LUT| Bits| Const Bits|
    +------------------------------+-----+----+-----+-----------+
    |ap_CS_fsm                     |  258|   0|  258|          0|
    |i_0_in_1_reg_2124             |   32|   0|   32|          0|
    |i_0_in_2_reg_2134             |   32|   0|   32|          0|
    |i_0_in_3_reg_2144             |   32|   0|   32|          0|
    |i_0_in_4_reg_2154             |   32|   0|   32|          0|
    |i_0_in_5_reg_2164             |   32|   0|   32|          0|
    |i_0_in_6_reg_2174             |   32|   0|   32|          0|
    |i_0_in_7_reg_2184             |   32|   0|   32|          0|
    |i_0_in_reg_2114               |   32|   0|   32|          0|
    |i_1_reg_13020                 |   32|   0|   32|          0|
    |i_2_reg_13102                 |   32|   0|   32|          0|
    |i_3_reg_13184                 |   32|   0|   32|          0|
    |i_4_reg_13266                 |   32|   0|   32|          0|
    |i_5_reg_13348                 |   32|   0|   32|          0|
    |i_6_reg_13430                 |   32|   0|   32|          0|
    |i_7_reg_13512                 |   32|   0|   32|          0|
    |i_reg_12921                   |   32|   0|   32|          0|
    |iter_2_reg_13606              |   32|   0|   32|          0|
    |iter_bound_reg_12831          |   32|   0|   32|          0|
    |iter_reg_2102                 |   32|   0|   32|          0|
    |layer_in_w_t_s_reg_12780      |   32|   0|   32|          0|
    |line_buf1_0_0_reg_2079        |   32|   0|   32|          0|
    |line_buf1_0_0_s_reg_12968     |   32|   0|   32|          0|
    |line_buf1_0_52_10_fu_324      |   32|   0|   32|          0|
    |line_buf1_0_52_11_fu_328      |   32|   0|   32|          0|
    |line_buf1_0_52_12_fu_332      |   32|   0|   32|          0|
    |line_buf1_0_52_13_fu_336      |   32|   0|   32|          0|
    |line_buf1_0_52_14_fu_340      |   32|   0|   32|          0|
    |line_buf1_0_52_15_fu_344      |   32|   0|   32|          0|
    |line_buf1_0_52_16_fu_348      |   32|   0|   32|          0|
    |line_buf1_0_52_17_fu_352      |   32|   0|   32|          0|
    |line_buf1_0_52_18_fu_356      |   32|   0|   32|          0|
    |line_buf1_0_52_19_fu_360      |   32|   0|   32|          0|
    |line_buf1_0_52_1_fu_288       |   32|   0|   32|          0|
    |line_buf1_0_52_20_fu_364      |   32|   0|   32|          0|
    |line_buf1_0_52_21_fu_368      |   32|   0|   32|          0|
    |line_buf1_0_52_22_fu_372      |   32|   0|   32|          0|
    |line_buf1_0_52_23_fu_376      |   32|   0|   32|          0|
    |line_buf1_0_52_24_fu_380      |   32|   0|   32|          0|
    |line_buf1_0_52_25_fu_384      |   32|   0|   32|          0|
    |line_buf1_0_52_26_fu_388      |   32|   0|   32|          0|
    |line_buf1_0_52_27_fu_392      |   32|   0|   32|          0|
    |line_buf1_0_52_28_fu_396      |   32|   0|   32|          0|
    |line_buf1_0_52_29_fu_400      |   32|   0|   32|          0|
    |line_buf1_0_52_2_fu_292       |   32|   0|   32|          0|
    |line_buf1_0_52_30_fu_404      |   32|   0|   32|          0|
    |line_buf1_0_52_31_fu_408      |   32|   0|   32|          0|
    |line_buf1_0_52_32_fu_412      |   32|   0|   32|          0|
    |line_buf1_0_52_33_fu_416      |   32|   0|   32|          0|
    |line_buf1_0_52_34_fu_420      |   32|   0|   32|          0|
    |line_buf1_0_52_35_fu_424      |   32|   0|   32|          0|
    |line_buf1_0_52_36_fu_428      |   32|   0|   32|          0|
    |line_buf1_0_52_37_fu_432      |   32|   0|   32|          0|
    |line_buf1_0_52_38_fu_436      |   32|   0|   32|          0|
    |line_buf1_0_52_39_fu_440      |   32|   0|   32|          0|
    |line_buf1_0_52_3_fu_296       |   32|   0|   32|          0|
    |line_buf1_0_52_40_fu_444      |   32|   0|   32|          0|
    |line_buf1_0_52_41_fu_448      |   32|   0|   32|          0|
    |line_buf1_0_52_42_fu_452      |   32|   0|   32|          0|
    |line_buf1_0_52_43_fu_456      |   32|   0|   32|          0|
    |line_buf1_0_52_44_fu_460      |   32|   0|   32|          0|
    |line_buf1_0_52_45_fu_464      |   32|   0|   32|          0|
    |line_buf1_0_52_46_fu_468      |   32|   0|   32|          0|
    |line_buf1_0_52_47_fu_472      |   32|   0|   32|          0|
    |line_buf1_0_52_48_fu_476      |   32|   0|   32|          0|
    |line_buf1_0_52_49_fu_480      |   32|   0|   32|          0|
    |line_buf1_0_52_4_fu_300       |   32|   0|   32|          0|
    |line_buf1_0_52_50_fu_484      |   32|   0|   32|          0|
    |line_buf1_0_52_51_fu_488      |   32|   0|   32|          0|
    |line_buf1_0_52_52_fu_492      |   32|   0|   32|          0|
    |line_buf1_0_52_5_fu_304       |   32|   0|   32|          0|
    |line_buf1_0_52_6_fu_308       |   32|   0|   32|          0|
    |line_buf1_0_52_7_fu_312       |   32|   0|   32|          0|
    |line_buf1_0_52_8_fu_316       |   32|   0|   32|          0|
    |line_buf1_0_52_9_fu_320       |   32|   0|   32|          0|
    |line_buf1_0_52_fu_256         |   32|   0|   32|          0|
    |line_buf1_1_0_reg_2067        |   32|   0|   32|          0|
    |line_buf1_1_0_s_reg_13038     |   32|   0|   32|          0|
    |line_buf1_1_52_10_fu_532      |   32|   0|   32|          0|
    |line_buf1_1_52_11_fu_536      |   32|   0|   32|          0|
    |line_buf1_1_52_12_fu_540      |   32|   0|   32|          0|
    |line_buf1_1_52_13_fu_544      |   32|   0|   32|          0|
    |line_buf1_1_52_14_fu_548      |   32|   0|   32|          0|
    |line_buf1_1_52_15_fu_552      |   32|   0|   32|          0|
    |line_buf1_1_52_16_fu_556      |   32|   0|   32|          0|
    |line_buf1_1_52_17_fu_560      |   32|   0|   32|          0|
    |line_buf1_1_52_18_fu_564      |   32|   0|   32|          0|
    |line_buf1_1_52_19_fu_568      |   32|   0|   32|          0|
    |line_buf1_1_52_1_fu_496       |   32|   0|   32|          0|
    |line_buf1_1_52_20_fu_572      |   32|   0|   32|          0|
    |line_buf1_1_52_21_fu_576      |   32|   0|   32|          0|
    |line_buf1_1_52_22_fu_580      |   32|   0|   32|          0|
    |line_buf1_1_52_23_fu_584      |   32|   0|   32|          0|
    |line_buf1_1_52_24_fu_588      |   32|   0|   32|          0|
    |line_buf1_1_52_25_fu_592      |   32|   0|   32|          0|
    |line_buf1_1_52_26_fu_596      |   32|   0|   32|          0|
    |line_buf1_1_52_27_fu_600      |   32|   0|   32|          0|
    |line_buf1_1_52_28_fu_604      |   32|   0|   32|          0|
    |line_buf1_1_52_29_fu_608      |   32|   0|   32|          0|
    |line_buf1_1_52_2_fu_500       |   32|   0|   32|          0|
    |line_buf1_1_52_30_fu_612      |   32|   0|   32|          0|
    |line_buf1_1_52_31_fu_616      |   32|   0|   32|          0|
    |line_buf1_1_52_32_fu_620      |   32|   0|   32|          0|
    |line_buf1_1_52_33_fu_624      |   32|   0|   32|          0|
    |line_buf1_1_52_34_fu_628      |   32|   0|   32|          0|
    |line_buf1_1_52_35_fu_632      |   32|   0|   32|          0|
    |line_buf1_1_52_36_fu_636      |   32|   0|   32|          0|
    |line_buf1_1_52_37_fu_640      |   32|   0|   32|          0|
    |line_buf1_1_52_38_fu_644      |   32|   0|   32|          0|
    |line_buf1_1_52_39_fu_648      |   32|   0|   32|          0|
    |line_buf1_1_52_3_fu_504       |   32|   0|   32|          0|
    |line_buf1_1_52_40_fu_652      |   32|   0|   32|          0|
    |line_buf1_1_52_41_fu_656      |   32|   0|   32|          0|
    |line_buf1_1_52_42_fu_660      |   32|   0|   32|          0|
    |line_buf1_1_52_43_fu_664      |   32|   0|   32|          0|
    |line_buf1_1_52_44_fu_668      |   32|   0|   32|          0|
    |line_buf1_1_52_45_fu_672      |   32|   0|   32|          0|
    |line_buf1_1_52_46_fu_676      |   32|   0|   32|          0|
    |line_buf1_1_52_47_fu_680      |   32|   0|   32|          0|
    |line_buf1_1_52_48_fu_684      |   32|   0|   32|          0|
    |line_buf1_1_52_49_fu_688      |   32|   0|   32|          0|
    |line_buf1_1_52_4_fu_508       |   32|   0|   32|          0|
    |line_buf1_1_52_50_fu_692      |   32|   0|   32|          0|
    |line_buf1_1_52_51_fu_696      |   32|   0|   32|          0|
    |line_buf1_1_52_52_fu_700      |   32|   0|   32|          0|
    |line_buf1_1_52_5_fu_512       |   32|   0|   32|          0|
    |line_buf1_1_52_6_fu_516       |   32|   0|   32|          0|
    |line_buf1_1_52_7_fu_520       |   32|   0|   32|          0|
    |line_buf1_1_52_8_fu_524       |   32|   0|   32|          0|
    |line_buf1_1_52_9_fu_528       |   32|   0|   32|          0|
    |line_buf1_1_52_fu_260         |   32|   0|   32|          0|
    |line_buf1_2_0_reg_2055        |   32|   0|   32|          0|
    |line_buf1_2_0_s_reg_13120     |   32|   0|   32|          0|
    |line_buf1_2_52_10_fu_740      |   32|   0|   32|          0|
    |line_buf1_2_52_11_fu_744      |   32|   0|   32|          0|
    |line_buf1_2_52_12_fu_748      |   32|   0|   32|          0|
    |line_buf1_2_52_13_fu_752      |   32|   0|   32|          0|
    |line_buf1_2_52_14_fu_756      |   32|   0|   32|          0|
    |line_buf1_2_52_15_fu_760      |   32|   0|   32|          0|
    |line_buf1_2_52_16_fu_764      |   32|   0|   32|          0|
    |line_buf1_2_52_17_fu_768      |   32|   0|   32|          0|
    |line_buf1_2_52_18_fu_772      |   32|   0|   32|          0|
    |line_buf1_2_52_19_fu_776      |   32|   0|   32|          0|
    |line_buf1_2_52_1_fu_704       |   32|   0|   32|          0|
    |line_buf1_2_52_20_fu_780      |   32|   0|   32|          0|
    |line_buf1_2_52_21_fu_784      |   32|   0|   32|          0|
    |line_buf1_2_52_22_fu_788      |   32|   0|   32|          0|
    |line_buf1_2_52_23_fu_792      |   32|   0|   32|          0|
    |line_buf1_2_52_24_fu_796      |   32|   0|   32|          0|
    |line_buf1_2_52_25_fu_800      |   32|   0|   32|          0|
    |line_buf1_2_52_26_fu_804      |   32|   0|   32|          0|
    |line_buf1_2_52_27_fu_808      |   32|   0|   32|          0|
    |line_buf1_2_52_28_fu_812      |   32|   0|   32|          0|
    |line_buf1_2_52_29_fu_816      |   32|   0|   32|          0|
    |line_buf1_2_52_2_fu_708       |   32|   0|   32|          0|
    |line_buf1_2_52_30_fu_820      |   32|   0|   32|          0|
    |line_buf1_2_52_31_fu_824      |   32|   0|   32|          0|
    |line_buf1_2_52_32_fu_828      |   32|   0|   32|          0|
    |line_buf1_2_52_33_fu_832      |   32|   0|   32|          0|
    |line_buf1_2_52_34_fu_836      |   32|   0|   32|          0|
    |line_buf1_2_52_35_fu_840      |   32|   0|   32|          0|
    |line_buf1_2_52_36_fu_844      |   32|   0|   32|          0|
    |line_buf1_2_52_37_fu_848      |   32|   0|   32|          0|
    |line_buf1_2_52_38_fu_852      |   32|   0|   32|          0|
    |line_buf1_2_52_39_fu_856      |   32|   0|   32|          0|
    |line_buf1_2_52_3_fu_712       |   32|   0|   32|          0|
    |line_buf1_2_52_40_fu_860      |   32|   0|   32|          0|
    |line_buf1_2_52_41_fu_864      |   32|   0|   32|          0|
    |line_buf1_2_52_42_fu_868      |   32|   0|   32|          0|
    |line_buf1_2_52_43_fu_872      |   32|   0|   32|          0|
    |line_buf1_2_52_44_fu_876      |   32|   0|   32|          0|
    |line_buf1_2_52_45_fu_880      |   32|   0|   32|          0|
    |line_buf1_2_52_46_fu_884      |   32|   0|   32|          0|
    |line_buf1_2_52_47_fu_888      |   32|   0|   32|          0|
    |line_buf1_2_52_48_fu_892      |   32|   0|   32|          0|
    |line_buf1_2_52_49_fu_896      |   32|   0|   32|          0|
    |line_buf1_2_52_4_fu_716       |   32|   0|   32|          0|
    |line_buf1_2_52_50_fu_900      |   32|   0|   32|          0|
    |line_buf1_2_52_51_fu_904      |   32|   0|   32|          0|
    |line_buf1_2_52_52_fu_908      |   32|   0|   32|          0|
    |line_buf1_2_52_5_fu_720       |   32|   0|   32|          0|
    |line_buf1_2_52_6_fu_724       |   32|   0|   32|          0|
    |line_buf1_2_52_7_fu_728       |   32|   0|   32|          0|
    |line_buf1_2_52_8_fu_732       |   32|   0|   32|          0|
    |line_buf1_2_52_9_fu_736       |   32|   0|   32|          0|
    |line_buf1_2_52_fu_264         |   32|   0|   32|          0|
    |line_buf1_3_0_reg_2043        |   32|   0|   32|          0|
    |line_buf1_3_0_s_reg_13202     |   32|   0|   32|          0|
    |line_buf1_3_52_10_fu_948      |   32|   0|   32|          0|
    |line_buf1_3_52_11_fu_952      |   32|   0|   32|          0|
    |line_buf1_3_52_12_fu_956      |   32|   0|   32|          0|
    |line_buf1_3_52_13_fu_960      |   32|   0|   32|          0|
    |line_buf1_3_52_14_fu_964      |   32|   0|   32|          0|
    |line_buf1_3_52_15_fu_968      |   32|   0|   32|          0|
    |line_buf1_3_52_16_fu_972      |   32|   0|   32|          0|
    |line_buf1_3_52_17_fu_976      |   32|   0|   32|          0|
    |line_buf1_3_52_18_fu_980      |   32|   0|   32|          0|
    |line_buf1_3_52_19_fu_984      |   32|   0|   32|          0|
    |line_buf1_3_52_1_fu_912       |   32|   0|   32|          0|
    |line_buf1_3_52_20_fu_988      |   32|   0|   32|          0|
    |line_buf1_3_52_21_fu_992      |   32|   0|   32|          0|
    |line_buf1_3_52_22_fu_996      |   32|   0|   32|          0|
    |line_buf1_3_52_23_fu_1000     |   32|   0|   32|          0|
    |line_buf1_3_52_24_fu_1004     |   32|   0|   32|          0|
    |line_buf1_3_52_25_fu_1008     |   32|   0|   32|          0|
    |line_buf1_3_52_26_fu_1012     |   32|   0|   32|          0|
    |line_buf1_3_52_27_fu_1016     |   32|   0|   32|          0|
    |line_buf1_3_52_28_fu_1020     |   32|   0|   32|          0|
    |line_buf1_3_52_29_fu_1024     |   32|   0|   32|          0|
    |line_buf1_3_52_2_fu_916       |   32|   0|   32|          0|
    |line_buf1_3_52_30_fu_1028     |   32|   0|   32|          0|
    |line_buf1_3_52_31_fu_1032     |   32|   0|   32|          0|
    |line_buf1_3_52_32_fu_1036     |   32|   0|   32|          0|
    |line_buf1_3_52_33_fu_1040     |   32|   0|   32|          0|
    |line_buf1_3_52_34_fu_1044     |   32|   0|   32|          0|
    |line_buf1_3_52_35_fu_1048     |   32|   0|   32|          0|
    |line_buf1_3_52_36_fu_1052     |   32|   0|   32|          0|
    |line_buf1_3_52_37_fu_1056     |   32|   0|   32|          0|
    |line_buf1_3_52_38_fu_1060     |   32|   0|   32|          0|
    |line_buf1_3_52_39_fu_1064     |   32|   0|   32|          0|
    |line_buf1_3_52_3_fu_920       |   32|   0|   32|          0|
    |line_buf1_3_52_40_fu_1068     |   32|   0|   32|          0|
    |line_buf1_3_52_41_fu_1072     |   32|   0|   32|          0|
    |line_buf1_3_52_42_fu_1076     |   32|   0|   32|          0|
    |line_buf1_3_52_43_fu_1080     |   32|   0|   32|          0|
    |line_buf1_3_52_44_fu_1084     |   32|   0|   32|          0|
    |line_buf1_3_52_45_fu_1088     |   32|   0|   32|          0|
    |line_buf1_3_52_46_fu_1092     |   32|   0|   32|          0|
    |line_buf1_3_52_47_fu_1096     |   32|   0|   32|          0|
    |line_buf1_3_52_48_fu_1100     |   32|   0|   32|          0|
    |line_buf1_3_52_49_fu_1104     |   32|   0|   32|          0|
    |line_buf1_3_52_4_fu_924       |   32|   0|   32|          0|
    |line_buf1_3_52_50_fu_1108     |   32|   0|   32|          0|
    |line_buf1_3_52_51_fu_1112     |   32|   0|   32|          0|
    |line_buf1_3_52_52_fu_1116     |   32|   0|   32|          0|
    |line_buf1_3_52_5_fu_928       |   32|   0|   32|          0|
    |line_buf1_3_52_6_fu_932       |   32|   0|   32|          0|
    |line_buf1_3_52_7_fu_936       |   32|   0|   32|          0|
    |line_buf1_3_52_8_fu_940       |   32|   0|   32|          0|
    |line_buf1_3_52_9_fu_944       |   32|   0|   32|          0|
    |line_buf1_3_52_fu_268         |   32|   0|   32|          0|
    |line_buf1_4_0_reg_2031        |   32|   0|   32|          0|
    |line_buf1_4_0_s_reg_13284     |   32|   0|   32|          0|
    |line_buf1_4_52_10_fu_1156     |   32|   0|   32|          0|
    |line_buf1_4_52_11_fu_1160     |   32|   0|   32|          0|
    |line_buf1_4_52_12_fu_1164     |   32|   0|   32|          0|
    |line_buf1_4_52_13_fu_1168     |   32|   0|   32|          0|
    |line_buf1_4_52_14_fu_1172     |   32|   0|   32|          0|
    |line_buf1_4_52_15_fu_1176     |   32|   0|   32|          0|
    |line_buf1_4_52_16_fu_1180     |   32|   0|   32|          0|
    |line_buf1_4_52_17_fu_1184     |   32|   0|   32|          0|
    |line_buf1_4_52_18_fu_1188     |   32|   0|   32|          0|
    |line_buf1_4_52_19_fu_1192     |   32|   0|   32|          0|
    |line_buf1_4_52_1_fu_1120      |   32|   0|   32|          0|
    |line_buf1_4_52_20_fu_1196     |   32|   0|   32|          0|
    |line_buf1_4_52_21_fu_1200     |   32|   0|   32|          0|
    |line_buf1_4_52_22_fu_1204     |   32|   0|   32|          0|
    |line_buf1_4_52_23_fu_1208     |   32|   0|   32|          0|
    |line_buf1_4_52_24_fu_1212     |   32|   0|   32|          0|
    |line_buf1_4_52_25_fu_1216     |   32|   0|   32|          0|
    |line_buf1_4_52_26_fu_1220     |   32|   0|   32|          0|
    |line_buf1_4_52_27_fu_1224     |   32|   0|   32|          0|
    |line_buf1_4_52_28_fu_1228     |   32|   0|   32|          0|
    |line_buf1_4_52_29_fu_1232     |   32|   0|   32|          0|
    |line_buf1_4_52_2_fu_1124      |   32|   0|   32|          0|
    |line_buf1_4_52_30_fu_1236     |   32|   0|   32|          0|
    |line_buf1_4_52_31_fu_1240     |   32|   0|   32|          0|
    |line_buf1_4_52_32_fu_1244     |   32|   0|   32|          0|
    |line_buf1_4_52_33_fu_1248     |   32|   0|   32|          0|
    |line_buf1_4_52_34_fu_1252     |   32|   0|   32|          0|
    |line_buf1_4_52_35_fu_1256     |   32|   0|   32|          0|
    |line_buf1_4_52_36_fu_1260     |   32|   0|   32|          0|
    |line_buf1_4_52_37_fu_1264     |   32|   0|   32|          0|
    |line_buf1_4_52_38_fu_1268     |   32|   0|   32|          0|
    |line_buf1_4_52_39_fu_1272     |   32|   0|   32|          0|
    |line_buf1_4_52_3_fu_1128      |   32|   0|   32|          0|
    |line_buf1_4_52_40_fu_1276     |   32|   0|   32|          0|
    |line_buf1_4_52_41_fu_1280     |   32|   0|   32|          0|
    |line_buf1_4_52_42_fu_1284     |   32|   0|   32|          0|
    |line_buf1_4_52_43_fu_1288     |   32|   0|   32|          0|
    |line_buf1_4_52_44_fu_1292     |   32|   0|   32|          0|
    |line_buf1_4_52_45_fu_1296     |   32|   0|   32|          0|
    |line_buf1_4_52_46_fu_1300     |   32|   0|   32|          0|
    |line_buf1_4_52_47_fu_1304     |   32|   0|   32|          0|
    |line_buf1_4_52_48_fu_1308     |   32|   0|   32|          0|
    |line_buf1_4_52_49_fu_1312     |   32|   0|   32|          0|
    |line_buf1_4_52_4_fu_1132      |   32|   0|   32|          0|
    |line_buf1_4_52_50_fu_1316     |   32|   0|   32|          0|
    |line_buf1_4_52_51_fu_1320     |   32|   0|   32|          0|
    |line_buf1_4_52_52_fu_1324     |   32|   0|   32|          0|
    |line_buf1_4_52_5_fu_1136      |   32|   0|   32|          0|
    |line_buf1_4_52_6_fu_1140      |   32|   0|   32|          0|
    |line_buf1_4_52_7_fu_1144      |   32|   0|   32|          0|
    |line_buf1_4_52_8_fu_1148      |   32|   0|   32|          0|
    |line_buf1_4_52_9_fu_1152      |   32|   0|   32|          0|
    |line_buf1_4_52_fu_272         |   32|   0|   32|          0|
    |line_buf1_5_0_reg_2019        |   32|   0|   32|          0|
    |line_buf1_5_0_s_reg_13366     |   32|   0|   32|          0|
    |line_buf1_5_52_10_fu_1364     |   32|   0|   32|          0|
    |line_buf1_5_52_11_fu_1368     |   32|   0|   32|          0|
    |line_buf1_5_52_12_fu_1372     |   32|   0|   32|          0|
    |line_buf1_5_52_13_fu_1376     |   32|   0|   32|          0|
    |line_buf1_5_52_14_fu_1380     |   32|   0|   32|          0|
    |line_buf1_5_52_15_fu_1384     |   32|   0|   32|          0|
    |line_buf1_5_52_16_fu_1388     |   32|   0|   32|          0|
    |line_buf1_5_52_17_fu_1392     |   32|   0|   32|          0|
    |line_buf1_5_52_18_fu_1396     |   32|   0|   32|          0|
    |line_buf1_5_52_19_fu_1400     |   32|   0|   32|          0|
    |line_buf1_5_52_1_fu_1328      |   32|   0|   32|          0|
    |line_buf1_5_52_20_fu_1404     |   32|   0|   32|          0|
    |line_buf1_5_52_21_fu_1408     |   32|   0|   32|          0|
    |line_buf1_5_52_22_fu_1412     |   32|   0|   32|          0|
    |line_buf1_5_52_23_fu_1416     |   32|   0|   32|          0|
    |line_buf1_5_52_24_fu_1420     |   32|   0|   32|          0|
    |line_buf1_5_52_25_fu_1424     |   32|   0|   32|          0|
    |line_buf1_5_52_26_fu_1428     |   32|   0|   32|          0|
    |line_buf1_5_52_27_fu_1432     |   32|   0|   32|          0|
    |line_buf1_5_52_28_fu_1436     |   32|   0|   32|          0|
    |line_buf1_5_52_29_fu_1440     |   32|   0|   32|          0|
    |line_buf1_5_52_2_fu_1332      |   32|   0|   32|          0|
    |line_buf1_5_52_30_fu_1444     |   32|   0|   32|          0|
    |line_buf1_5_52_31_fu_1448     |   32|   0|   32|          0|
    |line_buf1_5_52_32_fu_1452     |   32|   0|   32|          0|
    |line_buf1_5_52_33_fu_1456     |   32|   0|   32|          0|
    |line_buf1_5_52_34_fu_1460     |   32|   0|   32|          0|
    |line_buf1_5_52_35_fu_1464     |   32|   0|   32|          0|
    |line_buf1_5_52_36_fu_1468     |   32|   0|   32|          0|
    |line_buf1_5_52_37_fu_1472     |   32|   0|   32|          0|
    |line_buf1_5_52_38_fu_1476     |   32|   0|   32|          0|
    |line_buf1_5_52_39_fu_1480     |   32|   0|   32|          0|
    |line_buf1_5_52_3_fu_1336      |   32|   0|   32|          0|
    |line_buf1_5_52_40_fu_1484     |   32|   0|   32|          0|
    |line_buf1_5_52_41_fu_1488     |   32|   0|   32|          0|
    |line_buf1_5_52_42_fu_1492     |   32|   0|   32|          0|
    |line_buf1_5_52_43_fu_1496     |   32|   0|   32|          0|
    |line_buf1_5_52_44_fu_1500     |   32|   0|   32|          0|
    |line_buf1_5_52_45_fu_1504     |   32|   0|   32|          0|
    |line_buf1_5_52_46_fu_1508     |   32|   0|   32|          0|
    |line_buf1_5_52_47_fu_1512     |   32|   0|   32|          0|
    |line_buf1_5_52_48_fu_1516     |   32|   0|   32|          0|
    |line_buf1_5_52_49_fu_1520     |   32|   0|   32|          0|
    |line_buf1_5_52_4_fu_1340      |   32|   0|   32|          0|
    |line_buf1_5_52_50_fu_1524     |   32|   0|   32|          0|
    |line_buf1_5_52_51_fu_1528     |   32|   0|   32|          0|
    |line_buf1_5_52_52_fu_1532     |   32|   0|   32|          0|
    |line_buf1_5_52_5_fu_1344      |   32|   0|   32|          0|
    |line_buf1_5_52_6_fu_1348      |   32|   0|   32|          0|
    |line_buf1_5_52_7_fu_1352      |   32|   0|   32|          0|
    |line_buf1_5_52_8_fu_1356      |   32|   0|   32|          0|
    |line_buf1_5_52_9_fu_1360      |   32|   0|   32|          0|
    |line_buf1_5_52_fu_276         |   32|   0|   32|          0|
    |line_buf1_6_0_reg_2007        |   32|   0|   32|          0|
    |line_buf1_6_0_s_reg_13448     |   32|   0|   32|          0|
    |line_buf1_6_52_10_fu_1572     |   32|   0|   32|          0|
    |line_buf1_6_52_11_fu_1576     |   32|   0|   32|          0|
    |line_buf1_6_52_12_fu_1580     |   32|   0|   32|          0|
    |line_buf1_6_52_13_fu_1584     |   32|   0|   32|          0|
    |line_buf1_6_52_14_fu_1588     |   32|   0|   32|          0|
    |line_buf1_6_52_15_fu_1592     |   32|   0|   32|          0|
    |line_buf1_6_52_16_fu_1596     |   32|   0|   32|          0|
    |line_buf1_6_52_17_fu_1600     |   32|   0|   32|          0|
    |line_buf1_6_52_18_fu_1604     |   32|   0|   32|          0|
    |line_buf1_6_52_19_fu_1608     |   32|   0|   32|          0|
    |line_buf1_6_52_1_fu_1536      |   32|   0|   32|          0|
    |line_buf1_6_52_20_fu_1612     |   32|   0|   32|          0|
    |line_buf1_6_52_21_fu_1616     |   32|   0|   32|          0|
    |line_buf1_6_52_22_fu_1620     |   32|   0|   32|          0|
    |line_buf1_6_52_23_fu_1624     |   32|   0|   32|          0|
    |line_buf1_6_52_24_fu_1628     |   32|   0|   32|          0|
    |line_buf1_6_52_25_fu_1632     |   32|   0|   32|          0|
    |line_buf1_6_52_26_fu_1636     |   32|   0|   32|          0|
    |line_buf1_6_52_27_fu_1640     |   32|   0|   32|          0|
    |line_buf1_6_52_28_fu_1644     |   32|   0|   32|          0|
    |line_buf1_6_52_29_fu_1648     |   32|   0|   32|          0|
    |line_buf1_6_52_2_fu_1540      |   32|   0|   32|          0|
    |line_buf1_6_52_30_fu_1652     |   32|   0|   32|          0|
    |line_buf1_6_52_31_fu_1656     |   32|   0|   32|          0|
    |line_buf1_6_52_32_fu_1660     |   32|   0|   32|          0|
    |line_buf1_6_52_33_fu_1664     |   32|   0|   32|          0|
    |line_buf1_6_52_34_fu_1668     |   32|   0|   32|          0|
    |line_buf1_6_52_35_fu_1672     |   32|   0|   32|          0|
    |line_buf1_6_52_36_fu_1676     |   32|   0|   32|          0|
    |line_buf1_6_52_37_fu_1680     |   32|   0|   32|          0|
    |line_buf1_6_52_38_fu_1684     |   32|   0|   32|          0|
    |line_buf1_6_52_39_fu_1688     |   32|   0|   32|          0|
    |line_buf1_6_52_3_fu_1544      |   32|   0|   32|          0|
    |line_buf1_6_52_40_fu_1692     |   32|   0|   32|          0|
    |line_buf1_6_52_41_fu_1696     |   32|   0|   32|          0|
    |line_buf1_6_52_42_fu_1700     |   32|   0|   32|          0|
    |line_buf1_6_52_43_fu_1704     |   32|   0|   32|          0|
    |line_buf1_6_52_44_fu_1708     |   32|   0|   32|          0|
    |line_buf1_6_52_45_fu_1712     |   32|   0|   32|          0|
    |line_buf1_6_52_46_fu_1716     |   32|   0|   32|          0|
    |line_buf1_6_52_47_fu_1720     |   32|   0|   32|          0|
    |line_buf1_6_52_48_fu_1724     |   32|   0|   32|          0|
    |line_buf1_6_52_49_fu_1728     |   32|   0|   32|          0|
    |line_buf1_6_52_4_fu_1548      |   32|   0|   32|          0|
    |line_buf1_6_52_50_fu_1732     |   32|   0|   32|          0|
    |line_buf1_6_52_51_fu_1736     |   32|   0|   32|          0|
    |line_buf1_6_52_52_fu_1740     |   32|   0|   32|          0|
    |line_buf1_6_52_5_fu_1552      |   32|   0|   32|          0|
    |line_buf1_6_52_6_fu_1556      |   32|   0|   32|          0|
    |line_buf1_6_52_7_fu_1560      |   32|   0|   32|          0|
    |line_buf1_6_52_8_fu_1564      |   32|   0|   32|          0|
    |line_buf1_6_52_9_fu_1568      |   32|   0|   32|          0|
    |line_buf1_6_52_fu_280         |   32|   0|   32|          0|
    |line_buf1_7_0_reg_1995        |   32|   0|   32|          0|
    |line_buf1_7_0_s_reg_13530     |   32|   0|   32|          0|
    |line_buf1_7_52_10_fu_1780     |   32|   0|   32|          0|
    |line_buf1_7_52_11_fu_1784     |   32|   0|   32|          0|
    |line_buf1_7_52_12_fu_1788     |   32|   0|   32|          0|
    |line_buf1_7_52_13_fu_1792     |   32|   0|   32|          0|
    |line_buf1_7_52_14_fu_1796     |   32|   0|   32|          0|
    |line_buf1_7_52_15_fu_1800     |   32|   0|   32|          0|
    |line_buf1_7_52_16_fu_1804     |   32|   0|   32|          0|
    |line_buf1_7_52_17_fu_1808     |   32|   0|   32|          0|
    |line_buf1_7_52_18_fu_1812     |   32|   0|   32|          0|
    |line_buf1_7_52_19_fu_1816     |   32|   0|   32|          0|
    |line_buf1_7_52_1_fu_1744      |   32|   0|   32|          0|
    |line_buf1_7_52_20_fu_1820     |   32|   0|   32|          0|
    |line_buf1_7_52_21_fu_1824     |   32|   0|   32|          0|
    |line_buf1_7_52_22_fu_1828     |   32|   0|   32|          0|
    |line_buf1_7_52_23_fu_1832     |   32|   0|   32|          0|
    |line_buf1_7_52_24_fu_1836     |   32|   0|   32|          0|
    |line_buf1_7_52_25_fu_1840     |   32|   0|   32|          0|
    |line_buf1_7_52_26_fu_1844     |   32|   0|   32|          0|
    |line_buf1_7_52_27_fu_1848     |   32|   0|   32|          0|
    |line_buf1_7_52_28_fu_1852     |   32|   0|   32|          0|
    |line_buf1_7_52_29_fu_1856     |   32|   0|   32|          0|
    |line_buf1_7_52_2_fu_1748      |   32|   0|   32|          0|
    |line_buf1_7_52_30_fu_1860     |   32|   0|   32|          0|
    |line_buf1_7_52_31_fu_1864     |   32|   0|   32|          0|
    |line_buf1_7_52_32_fu_1868     |   32|   0|   32|          0|
    |line_buf1_7_52_33_fu_1872     |   32|   0|   32|          0|
    |line_buf1_7_52_34_fu_1876     |   32|   0|   32|          0|
    |line_buf1_7_52_35_fu_1880     |   32|   0|   32|          0|
    |line_buf1_7_52_36_fu_1884     |   32|   0|   32|          0|
    |line_buf1_7_52_37_fu_1888     |   32|   0|   32|          0|
    |line_buf1_7_52_38_fu_1892     |   32|   0|   32|          0|
    |line_buf1_7_52_39_fu_1896     |   32|   0|   32|          0|
    |line_buf1_7_52_3_fu_1752      |   32|   0|   32|          0|
    |line_buf1_7_52_40_fu_1900     |   32|   0|   32|          0|
    |line_buf1_7_52_41_fu_1904     |   32|   0|   32|          0|
    |line_buf1_7_52_42_fu_1908     |   32|   0|   32|          0|
    |line_buf1_7_52_43_fu_1912     |   32|   0|   32|          0|
    |line_buf1_7_52_44_fu_1916     |   32|   0|   32|          0|
    |line_buf1_7_52_45_fu_1920     |   32|   0|   32|          0|
    |line_buf1_7_52_46_fu_1924     |   32|   0|   32|          0|
    |line_buf1_7_52_47_fu_1928     |   32|   0|   32|          0|
    |line_buf1_7_52_48_fu_1932     |   32|   0|   32|          0|
    |line_buf1_7_52_49_fu_1936     |   32|   0|   32|          0|
    |line_buf1_7_52_4_fu_1756      |   32|   0|   32|          0|
    |line_buf1_7_52_50_fu_1940     |   32|   0|   32|          0|
    |line_buf1_7_52_51_fu_1944     |   32|   0|   32|          0|
    |line_buf1_7_52_52_fu_1948     |   32|   0|   32|          0|
    |line_buf1_7_52_5_fu_1760      |   32|   0|   32|          0|
    |line_buf1_7_52_6_fu_1764      |   32|   0|   32|          0|
    |line_buf1_7_52_7_fu_1768      |   32|   0|   32|          0|
    |line_buf1_7_52_8_fu_1772      |   32|   0|   32|          0|
    |line_buf1_7_52_9_fu_1776      |   32|   0|   32|          0|
    |line_buf1_7_52_fu_284         |   32|   0|   32|          0|
    |line_buf2_0_0_reg_12914       |   32|   0|   32|          0|
    |line_buf2_0_1_fu_216          |   32|   0|   32|          0|
    |line_buf2_0_1_load_reg_12907  |   32|   0|   32|          0|
    |line_buf2_1_0_reg_13013       |   32|   0|   32|          0|
    |line_buf2_1_1_fu_224          |   32|   0|   32|          0|
    |line_buf2_1_1_load_reg_13001  |   32|   0|   32|          0|
    |line_buf2_2_0_reg_13095       |   32|   0|   32|          0|
    |line_buf2_2_1_fu_232          |   32|   0|   32|          0|
    |line_buf2_2_1_load_reg_13083  |   32|   0|   32|          0|
    |line_buf2_3_0_reg_13177       |   32|   0|   32|          0|
    |line_buf2_3_1_fu_240          |   32|   0|   32|          0|
    |line_buf2_3_1_load_reg_13165  |   32|   0|   32|          0|
    |line_buf2_4_0_reg_13259       |   32|   0|   32|          0|
    |line_buf2_4_1_fu_244          |   32|   0|   32|          0|
    |line_buf2_4_1_load_reg_13247  |   32|   0|   32|          0|
    |line_buf2_5_0_reg_13341       |   32|   0|   32|          0|
    |line_buf2_5_1_fu_236          |   32|   0|   32|          0|
    |line_buf2_5_1_load_reg_13329  |   32|   0|   32|          0|
    |line_buf2_6_0_reg_13423       |   32|   0|   32|          0|
    |line_buf2_6_1_fu_228          |   32|   0|   32|          0|
    |line_buf2_6_1_load_reg_13411  |   32|   0|   32|          0|
    |line_buf2_7_0_reg_13505       |   32|   0|   32|          0|
    |line_buf2_7_1_fu_220          |   32|   0|   32|          0|
    |line_buf2_7_1_load_reg_13493  |   32|   0|   32|          0|
    |mux_0_0_1_reg_13059           |   32|   0|   32|          0|
    |mux_0_0_2_reg_13141           |   32|   0|   32|          0|
    |mux_0_0_3_reg_13223           |   32|   0|   32|          0|
    |mux_0_0_4_reg_13305           |   32|   0|   32|          0|
    |mux_0_0_5_reg_13387           |   32|   0|   32|          0|
    |mux_0_0_6_reg_13469           |   32|   0|   32|          0|
    |mux_0_0_7_reg_13555           |   32|   0|   32|          0|
    |mux_0_0_reg_12944             |   32|   0|   32|          0|
    |mux_0_1_1_reg_13071           |   32|   0|   32|          0|
    |mux_0_1_2_reg_13153           |   32|   0|   32|          0|
    |mux_0_1_3_reg_13235           |   32|   0|   32|          0|
    |mux_0_1_4_reg_13317           |   32|   0|   32|          0|
    |mux_0_1_5_reg_13399           |   32|   0|   32|          0|
    |mux_0_1_6_reg_13481           |   32|   0|   32|          0|
    |mux_0_1_7_reg_13567           |   32|   0|   32|          0|
    |mux_0_1_reg_12989             |   32|   0|   32|          0|
    |or_cond2_reg_13584            |    1|   0|    1|          0|
    |p_Val2_s_fu_252               |  256|   0|  256|          0|
    |p_trans_cnt_reg_12886         |   32|   0|   32|          0|
    |sel_tmp22_reg_12957           |    1|   0|    1|          0|
    |sums_0_reg_13008              |   32|   0|   32|          0|
    |sums_1_reg_13090              |   32|   0|   32|          0|
    |sums_2_reg_13172              |   32|   0|   32|          0|
    |sums_3_reg_13254              |   32|   0|   32|          0|
    |sums_4_reg_13336              |   32|   0|   32|          0|
    |sums_5_reg_13418              |   32|   0|   32|          0|
    |sums_6_reg_13500              |   32|   0|   32|          0|
    |sums_7_reg_13579              |   32|   0|   32|          0|
    |tmp_145_reg_12825             |   32|   0|   32|          0|
    |tmp_146_reg_12865             |   32|   0|   32|          0|
    |tmp_148_reg_12871             |    1|   0|    1|          0|
    |tmp_152_reg_12894             |    1|   0|    1|          0|
    |tmp_153_reg_12899             |   32|   0|   32|          0|
    |tmp_156_reg_12951             |   32|   0|   32|          0|
    |tmp_162_t_reg_12807           |    6|   0|    6|          0|
    |tmp_163_reg_13539             |    1|   0|    1|          0|
    |tmp_165_reg_13593             |   32|   0|   32|          0|
    |tmp_166_reg_13588             |   32|   0|   32|          0|
    |tmp_167_reg_13598             |   32|   0|   32|          0|
    |tmp_180_0_t_reg_12934         |    6|   0|    6|          0|
    |tmp_180_1_t_reg_13033         |    6|   0|    6|          0|
    |tmp_180_2_t_reg_13115         |    6|   0|    6|          0|
    |tmp_180_3_t_reg_13197         |    6|   0|    6|          0|
    |tmp_180_4_t_reg_13279         |    6|   0|    6|          0|
    |tmp_180_5_t_reg_13361         |    6|   0|    6|          0|
    |tmp_180_6_t_reg_13443         |    6|   0|    6|          0|
    |tmp_180_7_t_reg_13525         |    6|   0|    6|          0|
    |tmp_297_reg_12939             |    1|   0|    1|          0|
    |tmp_304_reg_12984             |    1|   0|    1|          0|
    |tmp_310_reg_12797             |    6|   0|    6|          0|
    |tmp_313_reg_12996             |    1|   0|    1|          0|
    |tmp_317_reg_12930             |    6|   0|    6|          0|
    |tmp_321_reg_13054             |    1|   0|    1|          0|
    |tmp_330_reg_13066             |    1|   0|    1|          0|
    |tmp_339_reg_13078             |    1|   0|    1|          0|
    |tmp_348_reg_13136             |    1|   0|    1|          0|
    |tmp_353_reg_13029             |    6|   0|    6|          0|
    |tmp_357_reg_13148             |    1|   0|    1|          0|
    |tmp_366_reg_13160             |    1|   0|    1|          0|
    |tmp_375_reg_13218             |    1|   0|    1|          0|
    |tmp_382_reg_13111             |    6|   0|    6|          0|
    |tmp_384_reg_13230             |    1|   0|    1|          0|
    |tmp_393_reg_13242             |    1|   0|    1|          0|
    |tmp_402_reg_13300             |    1|   0|    1|          0|
    |tmp_411_reg_13312             |    1|   0|    1|          0|
    |tmp_416_reg_13193             |    6|   0|    6|          0|
    |tmp_420_reg_13324             |    1|   0|    1|          0|
    |tmp_429_reg_13382             |    1|   0|    1|          0|
    |tmp_438_reg_13394             |    1|   0|    1|          0|
    |tmp_445_reg_13275             |    6|   0|    6|          0|
    |tmp_447_reg_13406             |    1|   0|    1|          0|
    |tmp_456_reg_13464             |    1|   0|    1|          0|
    |tmp_465_reg_13476             |    1|   0|    1|          0|
    |tmp_474_reg_13488             |    1|   0|    1|          0|
    |tmp_479_reg_13357             |    6|   0|    6|          0|
    |tmp_483_reg_13550             |    1|   0|    1|          0|
    |tmp_492_reg_13562             |    1|   0|    1|          0|
    |tmp_501_reg_13574             |    1|   0|    1|          0|
    |tmp_508_reg_13439             |    6|   0|    6|          0|
    |tmp_520_reg_13521             |    6|   0|    6|          0|
    |tmp_s_reg_12819               |   32|   0|   32|          0|
    |total_bound_reg_12860         |   32|   0|   32|          0|
    |total_iter_1_reg_12881        |   31|   0|   31|          0|
    |total_iter_reg_2091           |   31|   0|   31|          0|
    |trans_cnt_fu_248              |   32|   0|   32|          0|
    +------------------------------+-----+----+-----+-----------+
    |Total                         |17321|   0|17321|          0|
    +------------------------------+-----+----+-----+-----------+



================================================================
== Interface
================================================================
* Summary: 
+---------------------+-----+-----+------------+-----------------+--------------+
|      RTL Ports      | Dir | Bits|  Protocol  |  Source Object  |    C Type    |
+---------------------+-----+-----+------------+-----------------+--------------+
|ap_clk               |  in |    1| ap_ctrl_hs |    maxpool_w2   | return value |
|ap_rst               |  in |    1| ap_ctrl_hs |    maxpool_w2   | return value |
|ap_start             |  in |    1| ap_ctrl_hs |    maxpool_w2   | return value |
|ap_done              | out |    1| ap_ctrl_hs |    maxpool_w2   | return value |
|ap_idle              | out |    1| ap_ctrl_hs |    maxpool_w2   | return value |
|ap_ready             | out |    1| ap_ctrl_hs |    maxpool_w2   | return value |
|fifo_in_V_V_dout     |  in |  256|   ap_fifo  |   fifo_in_V_V   |    pointer   |
|fifo_in_V_V_empty_n  |  in |    1|   ap_fifo  |   fifo_in_V_V   |    pointer   |
|fifo_in_V_V_read     | out |    1|   ap_fifo  |   fifo_in_V_V   |    pointer   |
|fifo_out_V_V_din     | out |  256|   ap_fifo  |   fifo_out_V_V  |    pointer   |
|fifo_out_V_V_full_n  |  in |    1|   ap_fifo  |   fifo_out_V_V  |    pointer   |
|fifo_out_V_V_write   | out |    1|   ap_fifo  |   fifo_out_V_V  |    pointer   |
|stride               |  in |   32|   ap_none  |      stride     |    scalar    |
|max_en               |  in |    1|   ap_none  |      max_en     |    scalar    |
|layer_out_num_t      |  in |   16|   ap_none  | layer_out_num_t |    scalar    |
|layer_in_h_t         |  in |   32|   ap_none  |   layer_in_h_t  |    scalar    |
|layer_in_w_t         |  in |   32|   ap_none  |   layer_in_w_t  |    scalar    |
+---------------------+-----+-----+------------+-----------------+--------------+

