

================================================================
== Vivado HLS Report for 'top_kernel'
================================================================
* Date:           Sat Nov  7 02:45:27 2020

* Version:        2018.3 (Build 2405991 on Thu Dec 06 23:56:15 MST 2018)
* Project:        pose_prj
* Solution:       solution1
* Product family: virtex7
* Target device:  xc7vx690tffg1761-2


================================================================
== Performance Estimates
================================================================
+ Timing (ns): 
    * Summary: 
    +--------+-------+----------+------------+
    |  Clock | Target| Estimated| Uncertainty|
    +--------+-------+----------+------------+
    |ap_clk  |   3.00|     5.349|        0.38|
    +--------+-------+----------+------------+

+ Latency (clock cycles): 
    * Summary: 
    +-----+-----+-----+-----+---------+
    |  Latency  |  Interval | Pipeline|
    | min | max | min | max |   Type  |
    +-----+-----+-----+-----+---------+
    |    ?|    ?|    ?|    ?|   none  |
    +-----+-----+-----+-----+---------+

    + Detail: 
        * Instance: 
        +-------------------+--------+-----+-----+-----+-----+----------+
        |                   |        |  Latency  |  Interval | Pipeline |
        |      Instance     | Module | min | max | min | max |   Type   |
        +-------------------+--------+-----+-----+-----+-----+----------+
        |grp_engine_fu_283  |engine  |    ?|    ?|    ?|    ?| dataflow |
        +-------------------+--------+-----+-----+-----+-----+----------+

        * Loop: 
        +---------------------------------------+-----+------------+----------+-----------+-----------+----------------+----------+
        |                                       |      Latency     | Iteration|  Initiation Interval  |      Trip      |          |
        |               Loop Name               | min |     max    |  Latency |  achieved |   target  |      Count     | Pipelined|
        +---------------------------------------+-----+------------+----------+-----------+-----------+----------------+----------+
        |- memcpy.init_inst.gep.layer_config.V  |    6|           6|         3|          1|          1|               5|    yes   |
        |- Loop 2                               |    ?|           ?|         ?|          -|          -|               ?|    no    |
        | + memcpy.config.gep.layer_config.V    |    0|  2147483646|         2|          -|          -| 0 ~ 1073741823 |    no    |
        +---------------------------------------+-----+------------+----------+-----------+-----------+----------------+----------+



================================================================
== Utilization Estimates
================================================================
* Summary: 
+-----------------+---------+-------+--------+--------+-----+
|       Name      | BRAM_18K| DSP48E|   FF   |   LUT  | URAM|
+-----------------+---------+-------+--------+--------+-----+
|DSP              |        -|      -|       -|       -|    -|
|Expression       |        -|      -|       0|     288|    -|
|FIFO             |        -|      -|       -|       -|    -|
|Instance         |      584|    307|  129212|   86065|   56|
|Memory           |        2|      -|      64|       3|    -|
|Multiplexer      |        -|      -|       -|     385|    -|
|Register         |        -|      -|     824|       -|    -|
+-----------------+---------+-------+--------+--------+-----+
|Total            |      586|    307|  130100|   86741|   56|
+-----------------+---------+-------+--------+--------+-----+
|Available        |     2940|   3600|  866400|  433200|    -|
+-----------------+---------+-------+--------+--------+-----+
|Utilization (%)  |       19|      8|      15|      20|    -|
+-----------------+---------+-------+--------+--------+-----+

+ Detail: 
    * Instance: 
    +-----------------------------+---------------------------+---------+-------+--------+-------+
    |           Instance          |           Module          | BRAM_18K| DSP48E|   FF   |  LUT  |
    +-----------------------------+---------------------------+---------+-------+--------+-------+
    |grp_engine_fu_283            |engine                     |      578|    307|  127220|  83517|
    |top_kernel_control_s_axi_U   |top_kernel_control_s_axi   |        0|      0|     456|    808|
    |top_kernel_gcontrol_m_axi_U  |top_kernel_gcontrol_m_axi  |        2|      0|     512|    580|
    |top_kernel_gmem1_m_axi_U     |top_kernel_gmem1_m_axi     |        2|      0|     512|    580|
    |top_kernel_gmem2_m_axi_U     |top_kernel_gmem2_m_axi     |        2|      0|     512|    580|
    +-----------------------------+---------------------------+---------+-------+--------+-------+
    |Total                        |                           |      584|    307|  129212|  86065|
    +-----------------------------+---------------------------+---------+-------+--------+-------+

    * DSP48: 
    N/A

    * Memory: 
    +-------------+----------------------+---------+----+----+------+-----+------+-------------+
    |    Memory   |        Module        | BRAM_18K| FF | LUT| Words| Bits| Banks| W*Bits*Banks|
    +-------------+----------------------+---------+----+----+------+-----+------+-------------+
    |config_U     |top_kernel_config     |        2|   0|   0|    32|   32|     1|         1024|
    |init_inst_U  |top_kernel_init_iZio  |        0|  64|   3|     5|   32|     1|          160|
    +-------------+----------------------+---------+----+----+------+-----+------+-------------+
    |Total        |                      |        2|  64|   3|    37|   64|     2|         1184|
    +-------------+----------------------+---------+----+----+------+-----+------+-------------+

    * FIFO: 
    N/A

    * Expression: 
    +------------------------------------+----------+-------+---+----+------------+------------+
    |            Variable Name           | Operation| DSP48E| FF| LUT| Bitwidth P0| Bitwidth P1|
    +------------------------------------+----------+-------+---+----+------------+------------+
    |indvar_next5_fu_449_p2              |     +    |      0|  0|  37|          30|           1|
    |indvar_next_fu_362_p2               |     +    |      0|  0|  12|           3|           1|
    |layer_config_V12_sum_3_fu_410_p2    |     +    |      0|  0|  71|          64|          64|
    |layer_id_1_fu_382_p2                |     +    |      0|  0|  38|          31|           1|
    |tmp_19_fu_455_p2                    |     +    |      0|  0|  39|          32|           4|
    |ap_block_pp0_stage0_11001           |    and   |      0|  0|   2|           1|           1|
    |ap_block_state10_pp0_stage0_iter1   |    and   |      0|  0|   2|           1|           1|
    |ap_block_state22                    |    and   |      0|  0|   2|           1|           1|
    |exitcond6_fu_444_p2                 |   icmp   |      0|  0|  18|          30|          30|
    |exitcond_fu_356_p2                  |   icmp   |      0|  0|   9|           3|           3|
    |tmp_s_fu_377_p2                     |   icmp   |      0|  0|  18|          32|          32|
    |ap_sync_grp_engine_fu_283_ap_done   |    or    |      0|  0|   2|           1|           1|
    |ap_sync_grp_engine_fu_283_ap_ready  |    or    |      0|  0|   2|           1|           1|
    |tmp_17_fu_400_p2                    |    or    |      0|  0|  32|          32|           3|
    |ap_enable_pp0                       |    xor   |      0|  0|   2|           1|           2|
    |ap_enable_reg_pp0_iter1             |    xor   |      0|  0|   2|           2|           1|
    +------------------------------------+----------+-------+---+----+------------+------------+
    |Total                               |          |      0|  0| 288|         265|         147|
    +------------------------------------+----------+-------+---+----+------------+------------+

    * Multiplexer: 
    +---------------------------------+-----+-----------+-----+-----------+
    |               Name              | LUT | Input Size| Bits| Total Bits|
    +---------------------------------+-----+-----------+-----+-----------+
    |ap_NS_fsm                        |  121|         26|    1|         26|
    |ap_enable_reg_pp0_iter1          |    9|          2|    1|          2|
    |ap_enable_reg_pp0_iter2          |    9|          2|    1|          2|
    |ap_phi_mux_indvar_phi_fu_239_p4  |    9|          2|    3|          6|
    |ap_sig_ioackin_gcontrol_ARREADY  |    9|          2|    1|          2|
    |config_address0                  |   27|          5|    5|         25|
    |config_ce0                       |   15|          3|    1|          3|
    |config_ce1                       |    9|          2|    1|          2|
    |config_d0                        |   15|          3|   32|         96|
    |cur_layer_batch_reg_247          |    9|          2|   32|         64|
    |gcontrol_ARADDR                  |   15|          3|   64|        192|
    |gcontrol_ARLEN                   |   15|          3|   32|         96|
    |gcontrol_blk_n_AR                |    9|          2|    1|          2|
    |gcontrol_blk_n_R                 |    9|          2|    1|          2|
    |gmem1_ARVALID                    |    9|          2|    1|          2|
    |gmem1_AWVALID                    |    9|          2|    1|          2|
    |gmem1_BREADY                     |    9|          2|    1|          2|
    |gmem1_RREADY                     |    9|          2|    1|          2|
    |gmem1_WVALID                     |    9|          2|    1|          2|
    |gmem2_ARVALID                    |    9|          2|    1|          2|
    |gmem2_RREADY                     |    9|          2|    1|          2|
    |indvar1_reg_271                  |    9|          2|   30|         60|
    |indvar_reg_235                   |    9|          2|    3|          6|
    |init_inst_address0               |   15|          3|    3|          9|
    |layer_id_reg_260                 |    9|          2|   31|         62|
    +---------------------------------+-----+-----------+-----+-----------+
    |Total                            |  385|         82|  250|        671|
    +---------------------------------+-----+-----------+-----+-----------+

    * Register: 
    +----------------------------------------+----+----+-----+-----------+
    |                  Name                  | FF | LUT| Bits| Const Bits|
    +----------------------------------------+----+----+-----+-----------+
    |ap_CS_fsm                               |  25|   0|   25|          0|
    |ap_enable_reg_pp0_iter0                 |   1|   0|    1|          0|
    |ap_enable_reg_pp0_iter1                 |   1|   0|    1|          0|
    |ap_enable_reg_pp0_iter2                 |   1|   0|    1|          0|
    |ap_reg_ioackin_gcontrol_ARREADY         |   1|   0|    1|          0|
    |ap_sync_reg_grp_engine_fu_283_ap_done   |   1|   0|    1|          0|
    |ap_sync_reg_grp_engine_fu_283_ap_ready  |   1|   0|    1|          0|
    |cur_layer_batch_reg_247                 |  32|   0|   32|          0|
    |exitcond_reg_505                        |   1|   0|    1|          0|
    |exitcond_reg_505_pp0_iter1_reg          |   1|   0|    1|          0|
    |gcontrol_addr_1_read_reg_571            |  32|   0|   32|          0|
    |gcontrol_addr_1_reg_542                 |  64|   0|   64|          0|
    |gcontrol_addr_read_reg_514              |  32|   0|   32|          0|
    |global_bias_V9_reg_474                  |  58|   0|   58|          0|
    |global_cin_V1_reg_489                   |  58|   0|   58|          0|
    |global_cout_V5_reg_484                  |  58|   0|   58|          0|
    |global_weight_V7_reg_479                |  58|   0|   58|          0|
    |grp_engine_fu_283_ap_start_reg          |   1|   0|    1|          0|
    |indvar1_reg_271                         |  30|   0|   30|          0|
    |indvar_next5_reg_566                    |  30|   0|   30|          0|
    |indvar_next_reg_509                     |   3|   0|    3|          0|
    |indvar_reg_235                          |   3|   0|    3|          0|
    |indvar_reg_235_pp0_iter1_reg            |   3|   0|    3|          0|
    |layer_config_V1_reg_469                 |  62|   0|   62|          0|
    |layer_id_1_reg_537                      |  31|   0|   31|          0|
    |layer_id_reg_260                        |  31|   0|   31|          0|
    |layers_reg_524                          |  32|   0|   32|          0|
    |nxt_layer_batch_reg_586                 |  32|   0|   32|          0|
    |tmp_15_reg_494                          |  62|   0|   64|          2|
    |tmp_19_reg_576                          |  27|   0|   32|          5|
    |tmp_27_reg_558                          |  27|   0|   32|          5|
    |tmp_cast_reg_548                        |  25|   0|   30|          5|
    +----------------------------------------+----+----+-----+-----------+
    |Total                                   | 824|   0|  841|         17|
    +----------------------------------------+----+----+-----+-----------+



================================================================
== Interface
================================================================
* Summary: 
+-------------------------+-----+-----+------------+--------------+--------------+
|        RTL Ports        | Dir | Bits|  Protocol  | Source Object|    C Type    |
+-------------------------+-----+-----+------------+--------------+--------------+
|s_axi_control_AWVALID    |  in |    1|    s_axi   |    control   |    scalar    |
|s_axi_control_AWREADY    | out |    1|    s_axi   |    control   |    scalar    |
|s_axi_control_AWADDR     |  in |    7|    s_axi   |    control   |    scalar    |
|s_axi_control_WVALID     |  in |    1|    s_axi   |    control   |    scalar    |
|s_axi_control_WREADY     | out |    1|    s_axi   |    control   |    scalar    |
|s_axi_control_WDATA      |  in |   32|    s_axi   |    control   |    scalar    |
|s_axi_control_WSTRB      |  in |    4|    s_axi   |    control   |    scalar    |
|s_axi_control_ARVALID    |  in |    1|    s_axi   |    control   |    scalar    |
|s_axi_control_ARREADY    | out |    1|    s_axi   |    control   |    scalar    |
|s_axi_control_ARADDR     |  in |    7|    s_axi   |    control   |    scalar    |
|s_axi_control_RVALID     | out |    1|    s_axi   |    control   |    scalar    |
|s_axi_control_RREADY     |  in |    1|    s_axi   |    control   |    scalar    |
|s_axi_control_RDATA      | out |   32|    s_axi   |    control   |    scalar    |
|s_axi_control_RRESP      | out |    2|    s_axi   |    control   |    scalar    |
|s_axi_control_BVALID     | out |    1|    s_axi   |    control   |    scalar    |
|s_axi_control_BREADY     |  in |    1|    s_axi   |    control   |    scalar    |
|s_axi_control_BRESP      | out |    2|    s_axi   |    control   |    scalar    |
|ap_clk                   |  in |    1| ap_ctrl_hs |  top_kernel  | return value |
|ap_rst_n                 |  in |    1| ap_ctrl_hs |  top_kernel  | return value |
|interrupt                | out |    1| ap_ctrl_hs |  top_kernel  | return value |
|m_axi_gmem1_AWVALID      | out |    1|    m_axi   |     gmem1    |    pointer   |
|m_axi_gmem1_AWREADY      |  in |    1|    m_axi   |     gmem1    |    pointer   |
|m_axi_gmem1_AWADDR       | out |   64|    m_axi   |     gmem1    |    pointer   |
|m_axi_gmem1_AWID         | out |    1|    m_axi   |     gmem1    |    pointer   |
|m_axi_gmem1_AWLEN        | out |    8|    m_axi   |     gmem1    |    pointer   |
|m_axi_gmem1_AWSIZE       | out |    3|    m_axi   |     gmem1    |    pointer   |
|m_axi_gmem1_AWBURST      | out |    2|    m_axi   |     gmem1    |    pointer   |
|m_axi_gmem1_AWLOCK       | out |    2|    m_axi   |     gmem1    |    pointer   |
|m_axi_gmem1_AWCACHE      | out |    4|    m_axi   |     gmem1    |    pointer   |
|m_axi_gmem1_AWPROT       | out |    3|    m_axi   |     gmem1    |    pointer   |
|m_axi_gmem1_AWQOS        | out |    4|    m_axi   |     gmem1    |    pointer   |
|m_axi_gmem1_AWREGION     | out |    4|    m_axi   |     gmem1    |    pointer   |
|m_axi_gmem1_AWUSER       | out |    1|    m_axi   |     gmem1    |    pointer   |
|m_axi_gmem1_WVALID       | out |    1|    m_axi   |     gmem1    |    pointer   |
|m_axi_gmem1_WREADY       |  in |    1|    m_axi   |     gmem1    |    pointer   |
|m_axi_gmem1_WDATA        | out |  512|    m_axi   |     gmem1    |    pointer   |
|m_axi_gmem1_WSTRB        | out |   64|    m_axi   |     gmem1    |    pointer   |
|m_axi_gmem1_WLAST        | out |    1|    m_axi   |     gmem1    |    pointer   |
|m_axi_gmem1_WID          | out |    1|    m_axi   |     gmem1    |    pointer   |
|m_axi_gmem1_WUSER        | out |    1|    m_axi   |     gmem1    |    pointer   |
|m_axi_gmem1_ARVALID      | out |    1|    m_axi   |     gmem1    |    pointer   |
|m_axi_gmem1_ARREADY      |  in |    1|    m_axi   |     gmem1    |    pointer   |
|m_axi_gmem1_ARADDR       | out |   64|    m_axi   |     gmem1    |    pointer   |
|m_axi_gmem1_ARID         | out |    1|    m_axi   |     gmem1    |    pointer   |
|m_axi_gmem1_ARLEN        | out |    8|    m_axi   |     gmem1    |    pointer   |
|m_axi_gmem1_ARSIZE       | out |    3|    m_axi   |     gmem1    |    pointer   |
|m_axi_gmem1_ARBURST      | out |    2|    m_axi   |     gmem1    |    pointer   |
|m_axi_gmem1_ARLOCK       | out |    2|    m_axi   |     gmem1    |    pointer   |
|m_axi_gmem1_ARCACHE      | out |    4|    m_axi   |     gmem1    |    pointer   |
|m_axi_gmem1_ARPROT       | out |    3|    m_axi   |     gmem1    |    pointer   |
|m_axi_gmem1_ARQOS        | out |    4|    m_axi   |     gmem1    |    pointer   |
|m_axi_gmem1_ARREGION     | out |    4|    m_axi   |     gmem1    |    pointer   |
|m_axi_gmem1_ARUSER       | out |    1|    m_axi   |     gmem1    |    pointer   |
|m_axi_gmem1_RVALID       |  in |    1|    m_axi   |     gmem1    |    pointer   |
|m_axi_gmem1_RREADY       | out |    1|    m_axi   |     gmem1    |    pointer   |
|m_axi_gmem1_RDATA        |  in |  512|    m_axi   |     gmem1    |    pointer   |
|m_axi_gmem1_RLAST        |  in |    1|    m_axi   |     gmem1    |    pointer   |
|m_axi_gmem1_RID          |  in |    1|    m_axi   |     gmem1    |    pointer   |
|m_axi_gmem1_RUSER        |  in |    1|    m_axi   |     gmem1    |    pointer   |
|m_axi_gmem1_RRESP        |  in |    2|    m_axi   |     gmem1    |    pointer   |
|m_axi_gmem1_BVALID       |  in |    1|    m_axi   |     gmem1    |    pointer   |
|m_axi_gmem1_BREADY       | out |    1|    m_axi   |     gmem1    |    pointer   |
|m_axi_gmem1_BRESP        |  in |    2|    m_axi   |     gmem1    |    pointer   |
|m_axi_gmem1_BID          |  in |    1|    m_axi   |     gmem1    |    pointer   |
|m_axi_gmem1_BUSER        |  in |    1|    m_axi   |     gmem1    |    pointer   |
|m_axi_gmem3_AWVALID      | out |    1|    m_axi   |     gmem3    |    pointer   |
|m_axi_gmem3_AWREADY      |  in |    1|    m_axi   |     gmem3    |    pointer   |
|m_axi_gmem3_AWADDR       | out |   64|    m_axi   |     gmem3    |    pointer   |
|m_axi_gmem3_AWID         | out |    1|    m_axi   |     gmem3    |    pointer   |
|m_axi_gmem3_AWLEN        | out |    8|    m_axi   |     gmem3    |    pointer   |
|m_axi_gmem3_AWSIZE       | out |    3|    m_axi   |     gmem3    |    pointer   |
|m_axi_gmem3_AWBURST      | out |    2|    m_axi   |     gmem3    |    pointer   |
|m_axi_gmem3_AWLOCK       | out |    2|    m_axi   |     gmem3    |    pointer   |
|m_axi_gmem3_AWCACHE      | out |    4|    m_axi   |     gmem3    |    pointer   |
|m_axi_gmem3_AWPROT       | out |    3|    m_axi   |     gmem3    |    pointer   |
|m_axi_gmem3_AWQOS        | out |    4|    m_axi   |     gmem3    |    pointer   |
|m_axi_gmem3_AWREGION     | out |    4|    m_axi   |     gmem3    |    pointer   |
|m_axi_gmem3_AWUSER       | out |    1|    m_axi   |     gmem3    |    pointer   |
|m_axi_gmem3_WVALID       | out |    1|    m_axi   |     gmem3    |    pointer   |
|m_axi_gmem3_WREADY       |  in |    1|    m_axi   |     gmem3    |    pointer   |
|m_axi_gmem3_WDATA        | out |  512|    m_axi   |     gmem3    |    pointer   |
|m_axi_gmem3_WSTRB        | out |   64|    m_axi   |     gmem3    |    pointer   |
|m_axi_gmem3_WLAST        | out |    1|    m_axi   |     gmem3    |    pointer   |
|m_axi_gmem3_WID          | out |    1|    m_axi   |     gmem3    |    pointer   |
|m_axi_gmem3_WUSER        | out |    1|    m_axi   |     gmem3    |    pointer   |
|m_axi_gmem3_ARVALID      | out |    1|    m_axi   |     gmem3    |    pointer   |
|m_axi_gmem3_ARREADY      |  in |    1|    m_axi   |     gmem3    |    pointer   |
|m_axi_gmem3_ARADDR       | out |   64|    m_axi   |     gmem3    |    pointer   |
|m_axi_gmem3_ARID         | out |    1|    m_axi   |     gmem3    |    pointer   |
|m_axi_gmem3_ARLEN        | out |    8|    m_axi   |     gmem3    |    pointer   |
|m_axi_gmem3_ARSIZE       | out |    3|    m_axi   |     gmem3    |    pointer   |
|m_axi_gmem3_ARBURST      | out |    2|    m_axi   |     gmem3    |    pointer   |
|m_axi_gmem3_ARLOCK       | out |    2|    m_axi   |     gmem3    |    pointer   |
|m_axi_gmem3_ARCACHE      | out |    4|    m_axi   |     gmem3    |    pointer   |
|m_axi_gmem3_ARPROT       | out |    3|    m_axi   |     gmem3    |    pointer   |
|m_axi_gmem3_ARQOS        | out |    4|    m_axi   |     gmem3    |    pointer   |
|m_axi_gmem3_ARREGION     | out |    4|    m_axi   |     gmem3    |    pointer   |
|m_axi_gmem3_ARUSER       | out |    1|    m_axi   |     gmem3    |    pointer   |
|m_axi_gmem3_RVALID       |  in |    1|    m_axi   |     gmem3    |    pointer   |
|m_axi_gmem3_RREADY       | out |    1|    m_axi   |     gmem3    |    pointer   |
|m_axi_gmem3_RDATA        |  in |  512|    m_axi   |     gmem3    |    pointer   |
|m_axi_gmem3_RLAST        |  in |    1|    m_axi   |     gmem3    |    pointer   |
|m_axi_gmem3_RID          |  in |    1|    m_axi   |     gmem3    |    pointer   |
|m_axi_gmem3_RUSER        |  in |    1|    m_axi   |     gmem3    |    pointer   |
|m_axi_gmem3_RRESP        |  in |    2|    m_axi   |     gmem3    |    pointer   |
|m_axi_gmem3_BVALID       |  in |    1|    m_axi   |     gmem3    |    pointer   |
|m_axi_gmem3_BREADY       | out |    1|    m_axi   |     gmem3    |    pointer   |
|m_axi_gmem3_BRESP        |  in |    2|    m_axi   |     gmem3    |    pointer   |
|m_axi_gmem3_BID          |  in |    1|    m_axi   |     gmem3    |    pointer   |
|m_axi_gmem3_BUSER        |  in |    1|    m_axi   |     gmem3    |    pointer   |
|m_axi_gmem2_AWVALID      | out |    1|    m_axi   |     gmem2    |    pointer   |
|m_axi_gmem2_AWREADY      |  in |    1|    m_axi   |     gmem2    |    pointer   |
|m_axi_gmem2_AWADDR       | out |   64|    m_axi   |     gmem2    |    pointer   |
|m_axi_gmem2_AWID         | out |    1|    m_axi   |     gmem2    |    pointer   |
|m_axi_gmem2_AWLEN        | out |    8|    m_axi   |     gmem2    |    pointer   |
|m_axi_gmem2_AWSIZE       | out |    3|    m_axi   |     gmem2    |    pointer   |
|m_axi_gmem2_AWBURST      | out |    2|    m_axi   |     gmem2    |    pointer   |
|m_axi_gmem2_AWLOCK       | out |    2|    m_axi   |     gmem2    |    pointer   |
|m_axi_gmem2_AWCACHE      | out |    4|    m_axi   |     gmem2    |    pointer   |
|m_axi_gmem2_AWPROT       | out |    3|    m_axi   |     gmem2    |    pointer   |
|m_axi_gmem2_AWQOS        | out |    4|    m_axi   |     gmem2    |    pointer   |
|m_axi_gmem2_AWREGION     | out |    4|    m_axi   |     gmem2    |    pointer   |
|m_axi_gmem2_AWUSER       | out |    1|    m_axi   |     gmem2    |    pointer   |
|m_axi_gmem2_WVALID       | out |    1|    m_axi   |     gmem2    |    pointer   |
|m_axi_gmem2_WREADY       |  in |    1|    m_axi   |     gmem2    |    pointer   |
|m_axi_gmem2_WDATA        | out |  512|    m_axi   |     gmem2    |    pointer   |
|m_axi_gmem2_WSTRB        | out |   64|    m_axi   |     gmem2    |    pointer   |
|m_axi_gmem2_WLAST        | out |    1|    m_axi   |     gmem2    |    pointer   |
|m_axi_gmem2_WID          | out |    1|    m_axi   |     gmem2    |    pointer   |
|m_axi_gmem2_WUSER        | out |    1|    m_axi   |     gmem2    |    pointer   |
|m_axi_gmem2_ARVALID      | out |    1|    m_axi   |     gmem2    |    pointer   |
|m_axi_gmem2_ARREADY      |  in |    1|    m_axi   |     gmem2    |    pointer   |
|m_axi_gmem2_ARADDR       | out |   64|    m_axi   |     gmem2    |    pointer   |
|m_axi_gmem2_ARID         | out |    1|    m_axi   |     gmem2    |    pointer   |
|m_axi_gmem2_ARLEN        | out |    8|    m_axi   |     gmem2    |    pointer   |
|m_axi_gmem2_ARSIZE       | out |    3|    m_axi   |     gmem2    |    pointer   |
|m_axi_gmem2_ARBURST      | out |    2|    m_axi   |     gmem2    |    pointer   |
|m_axi_gmem2_ARLOCK       | out |    2|    m_axi   |     gmem2    |    pointer   |
|m_axi_gmem2_ARCACHE      | out |    4|    m_axi   |     gmem2    |    pointer   |
|m_axi_gmem2_ARPROT       | out |    3|    m_axi   |     gmem2    |    pointer   |
|m_axi_gmem2_ARQOS        | out |    4|    m_axi   |     gmem2    |    pointer   |
|m_axi_gmem2_ARREGION     | out |    4|    m_axi   |     gmem2    |    pointer   |
|m_axi_gmem2_ARUSER       | out |    1|    m_axi   |     gmem2    |    pointer   |
|m_axi_gmem2_RVALID       |  in |    1|    m_axi   |     gmem2    |    pointer   |
|m_axi_gmem2_RREADY       | out |    1|    m_axi   |     gmem2    |    pointer   |
|m_axi_gmem2_RDATA        |  in |  512|    m_axi   |     gmem2    |    pointer   |
|m_axi_gmem2_RLAST        |  in |    1|    m_axi   |     gmem2    |    pointer   |
|m_axi_gmem2_RID          |  in |    1|    m_axi   |     gmem2    |    pointer   |
|m_axi_gmem2_RUSER        |  in |    1|    m_axi   |     gmem2    |    pointer   |
|m_axi_gmem2_RRESP        |  in |    2|    m_axi   |     gmem2    |    pointer   |
|m_axi_gmem2_BVALID       |  in |    1|    m_axi   |     gmem2    |    pointer   |
|m_axi_gmem2_BREADY       | out |    1|    m_axi   |     gmem2    |    pointer   |
|m_axi_gmem2_BRESP        |  in |    2|    m_axi   |     gmem2    |    pointer   |
|m_axi_gmem2_BID          |  in |    1|    m_axi   |     gmem2    |    pointer   |
|m_axi_gmem2_BUSER        |  in |    1|    m_axi   |     gmem2    |    pointer   |
|m_axi_gcontrol_AWVALID   | out |    1|    m_axi   |   gcontrol   |    pointer   |
|m_axi_gcontrol_AWREADY   |  in |    1|    m_axi   |   gcontrol   |    pointer   |
|m_axi_gcontrol_AWADDR    | out |   64|    m_axi   |   gcontrol   |    pointer   |
|m_axi_gcontrol_AWID      | out |    1|    m_axi   |   gcontrol   |    pointer   |
|m_axi_gcontrol_AWLEN     | out |    8|    m_axi   |   gcontrol   |    pointer   |
|m_axi_gcontrol_AWSIZE    | out |    3|    m_axi   |   gcontrol   |    pointer   |
|m_axi_gcontrol_AWBURST   | out |    2|    m_axi   |   gcontrol   |    pointer   |
|m_axi_gcontrol_AWLOCK    | out |    2|    m_axi   |   gcontrol   |    pointer   |
|m_axi_gcontrol_AWCACHE   | out |    4|    m_axi   |   gcontrol   |    pointer   |
|m_axi_gcontrol_AWPROT    | out |    3|    m_axi   |   gcontrol   |    pointer   |
|m_axi_gcontrol_AWQOS     | out |    4|    m_axi   |   gcontrol   |    pointer   |
|m_axi_gcontrol_AWREGION  | out |    4|    m_axi   |   gcontrol   |    pointer   |
|m_axi_gcontrol_AWUSER    | out |    1|    m_axi   |   gcontrol   |    pointer   |
|m_axi_gcontrol_WVALID    | out |    1|    m_axi   |   gcontrol   |    pointer   |
|m_axi_gcontrol_WREADY    |  in |    1|    m_axi   |   gcontrol   |    pointer   |
|m_axi_gcontrol_WDATA     | out |   32|    m_axi   |   gcontrol   |    pointer   |
|m_axi_gcontrol_WSTRB     | out |    4|    m_axi   |   gcontrol   |    pointer   |
|m_axi_gcontrol_WLAST     | out |    1|    m_axi   |   gcontrol   |    pointer   |
|m_axi_gcontrol_WID       | out |    1|    m_axi   |   gcontrol   |    pointer   |
|m_axi_gcontrol_WUSER     | out |    1|    m_axi   |   gcontrol   |    pointer   |
|m_axi_gcontrol_ARVALID   | out |    1|    m_axi   |   gcontrol   |    pointer   |
|m_axi_gcontrol_ARREADY   |  in |    1|    m_axi   |   gcontrol   |    pointer   |
|m_axi_gcontrol_ARADDR    | out |   64|    m_axi   |   gcontrol   |    pointer   |
|m_axi_gcontrol_ARID      | out |    1|    m_axi   |   gcontrol   |    pointer   |
|m_axi_gcontrol_ARLEN     | out |    8|    m_axi   |   gcontrol   |    pointer   |
|m_axi_gcontrol_ARSIZE    | out |    3|    m_axi   |   gcontrol   |    pointer   |
|m_axi_gcontrol_ARBURST   | out |    2|    m_axi   |   gcontrol   |    pointer   |
|m_axi_gcontrol_ARLOCK    | out |    2|    m_axi   |   gcontrol   |    pointer   |
|m_axi_gcontrol_ARCACHE   | out |    4|    m_axi   |   gcontrol   |    pointer   |
|m_axi_gcontrol_ARPROT    | out |    3|    m_axi   |   gcontrol   |    pointer   |
|m_axi_gcontrol_ARQOS     | out |    4|    m_axi   |   gcontrol   |    pointer   |
|m_axi_gcontrol_ARREGION  | out |    4|    m_axi   |   gcontrol   |    pointer   |
|m_axi_gcontrol_ARUSER    | out |    1|    m_axi   |   gcontrol   |    pointer   |
|m_axi_gcontrol_RVALID    |  in |    1|    m_axi   |   gcontrol   |    pointer   |
|m_axi_gcontrol_RREADY    | out |    1|    m_axi   |   gcontrol   |    pointer   |
|m_axi_gcontrol_RDATA     |  in |   32|    m_axi   |   gcontrol   |    pointer   |
|m_axi_gcontrol_RLAST     |  in |    1|    m_axi   |   gcontrol   |    pointer   |
|m_axi_gcontrol_RID       |  in |    1|    m_axi   |   gcontrol   |    pointer   |
|m_axi_gcontrol_RUSER     |  in |    1|    m_axi   |   gcontrol   |    pointer   |
|m_axi_gcontrol_RRESP     |  in |    2|    m_axi   |   gcontrol   |    pointer   |
|m_axi_gcontrol_BVALID    |  in |    1|    m_axi   |   gcontrol   |    pointer   |
|m_axi_gcontrol_BREADY    | out |    1|    m_axi   |   gcontrol   |    pointer   |
|m_axi_gcontrol_BRESP     |  in |    2|    m_axi   |   gcontrol   |    pointer   |
|m_axi_gcontrol_BID       |  in |    1|    m_axi   |   gcontrol   |    pointer   |
|m_axi_gcontrol_BUSER     |  in |    1|    m_axi   |   gcontrol   |    pointer   |
+-------------------------+-----+-----+------------+--------------+--------------+

